Archive member included to satisfy reference by file (symbol)

K:\Arduino\!Sketches\stm_test\build\core\core.a(HardwareSerial.cpp.o)
                              K:\Arduino\!Sketches\stm_test\build\sketch\stm_test.ino.cpp.o (symbol from plugin) (Serial1)
K:\Arduino\!Sketches\stm_test\build\core\core.a(Print.cpp.o)
                              K:\Arduino\!Sketches\stm_test\build\sketch\stm_test.ino.cpp.o (symbol from plugin) (Print::print(char const*))
K:\Arduino\!Sketches\stm_test\build\core\core.a(Stream.cpp.o)
                              HardwareSerial.cpp.o (symbol from plugin) (Stream::readBytes(char*, unsigned int))
K:\Arduino\!Sketches\stm_test\build\core\core.a(WString.cpp.o)
                              Stream.cpp.o (symbol from plugin) (String::String(char const*))
K:\Arduino\!Sketches\stm_test\build\core\core.a(dtostrf.c.o)
                              WString.cpp.o (symbol from plugin) (dtostrf)
K:\Arduino\!Sketches\stm_test\build\core\core.a(itoa.c.o)
                              WString.cpp.o (symbol from plugin) (ltoa)
K:\Arduino\!Sketches\stm_test\build\core\core.a(main.cpp.o)
                              C:/Users/Klim/AppData/Local/Arduino15/packages/STMicroelectronics/tools/xpack-arm-none-eabi-gcc/14.2.1-1.1/bin/../lib/gcc/arm-none-eabi/14.2.1/../../../../arm-none-eabi/lib/thumb/v7-m/nofp/crt0.o (main)
K:\Arduino\!Sketches\stm_test\build\core\core.a(pins_arduino.c.o)
                              K:\Arduino\!Sketches\stm_test\build\libraries\SrcWrapper\HardwareTimer.cpp.o (symbol from plugin) (pinNametoDigitalPin)
K:\Arduino\!Sketches\stm_test\build\core\core.a(startup_stm32yyxx.S.o)
                              (Reset_Handler)
K:\Arduino\!Sketches\stm_test\build\core\core.a(wiring_digital.c.o)
                              K:\Arduino\!Sketches\stm_test\build\sketch\stm_test.ino.cpp.o (symbol from plugin) (pinMode)
K:\Arduino\!Sketches\stm_test\build\core\core.a(wiring_time.c.o)
                              K:\Arduino\!Sketches\stm_test\build\sketch\stm_test.ino.cpp.o (symbol from plugin) (millis)
K:\Arduino\!Sketches\stm_test\build\core\core.a(WSerial.cpp.o)
                              main.cpp.o (symbol from plugin) (serialEventRun())
K:\Arduino\!Sketches\stm_test\build\core\core.a(board.c.o)
                              main.cpp.o (symbol from plugin) (init)
K:\Arduino\!Sketches\stm_test\build\core\core.a(hooks.c.o)
                              wiring_time.c.o (symbol from plugin) (yield)
K:\Arduino\!Sketches\stm_test\build\core\core.a(wiring_analog.c.o)
                              wiring_digital.c.o (symbol from plugin) (g_anOutputPinConfigured)
C:/Users/Klim/AppData/Local/Arduino15/packages/STMicroelectronics/tools/xpack-arm-none-eabi-gcc/14.2.1-1.1/bin/../lib/gcc/arm-none-eabi/14.2.1/../../../../arm-none-eabi/lib/thumb/v7-m/nofp\libc_nano.a(libc_a-atexit.o)
                              C:/Users/Klim/AppData/Local/Arduino15/packages/STMicroelectronics/tools/xpack-arm-none-eabi-gcc/14.2.1-1.1/bin/../lib/gcc/arm-none-eabi/14.2.1/../../../../arm-none-eabi/lib/thumb/v7-m/nofp/crt0.o (atexit)
C:/Users/Klim/AppData/Local/Arduino15/packages/STMicroelectronics/tools/xpack-arm-none-eabi-gcc/14.2.1-1.1/bin/../lib/gcc/arm-none-eabi/14.2.1/../../../../arm-none-eabi/lib/thumb/v7-m/nofp\libc_nano.a(libc_a-atof.o)
                              WString.cpp.o (symbol from plugin) (atof)
C:/Users/Klim/AppData/Local/Arduino15/packages/STMicroelectronics/tools/xpack-arm-none-eabi-gcc/14.2.1-1.1/bin/../lib/gcc/arm-none-eabi/14.2.1/../../../../arm-none-eabi/lib/thumb/v7-m/nofp\libc_nano.a(libc_a-atol.o)
                              WString.cpp.o (symbol from plugin) (atol)
C:/Users/Klim/AppData/Local/Arduino15/packages/STMicroelectronics/tools/xpack-arm-none-eabi-gcc/14.2.1-1.1/bin/../lib/gcc/arm-none-eabi/14.2.1/../../../../arm-none-eabi/lib/thumb/v7-m/nofp\libc_nano.a(libc_a-exit.o)
                              C:/Users/Klim/AppData/Local/Arduino15/packages/STMicroelectronics/tools/xpack-arm-none-eabi-gcc/14.2.1-1.1/bin/../lib/gcc/arm-none-eabi/14.2.1/../../../../arm-none-eabi/lib/thumb/v7-m/nofp/crt0.o (exit)
C:/Users/Klim/AppData/Local/Arduino15/packages/STMicroelectronics/tools/xpack-arm-none-eabi-gcc/14.2.1-1.1/bin/../lib/gcc/arm-none-eabi/14.2.1/../../../../arm-none-eabi/lib/thumb/v7-m/nofp\libc_nano.a(libc_a-strtod.o)
                              C:/Users/Klim/AppData/Local/Arduino15/packages/STMicroelectronics/tools/xpack-arm-none-eabi-gcc/14.2.1-1.1/bin/../lib/gcc/arm-none-eabi/14.2.1/../../../../arm-none-eabi/lib/thumb/v7-m/nofp\libc_nano.a(libc_a-atof.o) (strtod)
C:/Users/Klim/AppData/Local/Arduino15/packages/STMicroelectronics/tools/xpack-arm-none-eabi-gcc/14.2.1-1.1/bin/../lib/gcc/arm-none-eabi/14.2.1/../../../../arm-none-eabi/lib/thumb/v7-m/nofp\libc_nano.a(libc_a-strtol.o)
[...]
Memory Configuration

Name             Origin             Length             Attributes
*default*        0x00000000         0xffffffff
RAM              0x20000000         0x00002800         xrw
FLASH            0x08000000         0x00008000         xr

Linker script and memory map

START GROUP
LOAD K:\Arduino\!Sketches\stm_test\build\sketch\requiredLibraries.cpp.o
LOAD C:\Temp\ccvTXTNu.ltrans0.ltrans.o
LOAD K:\Arduino\!Sketches\stm_test\build\sketch\stm_test.ino.cpp.o
LOAD K:\Arduino\!Sketches\stm_test\build\libraries\SrcWrapper\HAL\stm32yyxx_hal.c.o
LOAD K:\Arduino\!Sketches\stm_test\build\libraries\SrcWrapper\HAL\stm32yyxx_hal_adc.c.o
LOAD K:\Arduino\!Sketches\stm_test\build\libraries\SrcWrapper\HAL\stm32yyxx_hal_adc_ex.c.o
LOAD K:\Arduino\!Sketches\stm_test\build\libraries\SrcWrapper\HAL\stm32yyxx_hal_can.c.o
LOAD K:\Arduino\!Sketches\stm_test\build\libraries\SrcWrapper\HAL\stm32yyxx_hal_ccb.c.o
LOAD K:\Arduino\!Sketches\stm_test\build\libraries\SrcWrapper\HAL\stm32yyxx_hal_cec.c.o
LOAD K:\Arduino\!Sketches\stm_test\build\libraries\SrcWrapper\HAL\stm32yyxx_hal_comp.c.o
LOAD K:\Arduino\!Sketches\stm_test\build\libraries\SrcWrapper\HAL\stm32yyxx_hal_comp_ex.c.o
LOAD K:\Arduino\!Sketches\stm_test\build\libraries\SrcWrapper\HAL\stm32yyxx_hal_cordic.c.o
LOAD K:\Arduino\!Sketches\stm_test\build\libraries\SrcWrapper\HAL\stm32yyxx_hal_cortex.c.o
LOAD K:\Arduino\!Sketches\stm_test\build\libraries\SrcWrapper\HAL\stm32yyxx_hal_crc.c.o
LOAD K:\Arduino\!Sketches\stm_test\build\libraries\SrcWrapper\HAL\stm32yyxx_hal_crc_ex.c.o
LOAD K:\Arduino\!Sketches\stm_test\build\libraries\SrcWrapper\HAL\stm32yyxx_hal_cryp.c.o
LOAD K:\Arduino\!Sketches\stm_test\build\libraries\SrcWrapper\HAL\stm32yyxx_hal_cryp_ex.c.o
LOAD K:\Arduino\!Sketches\stm_test\build\libraries\SrcWrapper\HAL\stm32yyxx_hal_dac.c.o
LOAD K:\Arduino\!Sketches\stm_test\build\libraries\SrcWrapper\HAL\stm32yyxx_hal_dac_ex.c.o
LOAD K:\Arduino\!Sketches\stm_test\build\libraries\SrcWrapper\HAL\stm32yyxx_hal_dcache.c.o
LOAD K:\Arduino\!Sketches\stm_test\build\libraries\SrcWrapper\HAL\stm32yyxx_hal_dcmi.c.o
LOAD K:\Arduino\!Sketches\stm_test\build\libraries\SrcWrapper\HAL\stm32yyxx_hal_dcmi_ex.c.o
LOAD K:\Arduino\!Sketches\stm_test\build\libraries\SrcWrapper\HAL\stm32yyxx_hal_dfsdm.c.o
LOAD K:\Arduino\!Sketches\stm_test\build\libraries\SrcWrapper\HAL\stm32yyxx_hal_dfsdm_ex.c.o
LOAD K:\Arduino\!Sketches\stm_test\build\libraries\SrcWrapper\HAL\stm32yyxx_hal_dma.c.o
LOAD K:\Arduino\!Sketches\stm_test\build\libraries\SrcWrapper\HAL\stm32yyxx_hal_dma2d.c.o
LOAD K:\Arduino\!Sketches\stm_test\build\libraries\SrcWrapper\HAL\stm32yyxx_hal_dma_ex.c.o
LOAD K:\Arduino\!Sketches\stm_test\build\libraries\SrcWrapper\HAL\stm32yyxx_hal_dsi.c.o
LOAD K:\Arduino\!Sketches\stm_test\build\libraries\SrcWrapper\HAL\stm32yyxx_hal_dts.c.o
LOAD K:\Arduino\!Sketches\stm_test\build\libraries\SrcWrapper\HAL\stm32yyxx_hal_eth.c.o
LOAD K:\Arduino\!Sketches\stm_test\build\libraries\SrcWrapper\HAL\stm32yyxx_hal_eth_ex.c.o
LOAD K:\Arduino\!Sketches\stm_test\build\libraries\SrcWrapper\HAL\stm32yyxx_hal_exti.c.o
LOAD K:\Arduino\!Sketches\stm_test\build\libraries\SrcWrapper\HAL\stm32yyxx_hal_fdcan.c.o
LOAD K:\Arduino\!Sketches\stm_test\build\libraries\SrcWrapper\HAL\stm32yyxx_hal_firewall.c.o
LOAD K:\Arduino\!Sketches\stm_test\build\libraries\SrcWrapper\HAL\stm32yyxx_hal_flash.c.o
LOAD K:\Arduino\!Sketches\stm_test\build\libraries\SrcWrapper\HAL\stm32yyxx_hal_flash_ex.c.o
LOAD K:\Arduino\!Sketches\stm_test\build\libraries\SrcWrapper\HAL\stm32yyxx_hal_flash_ramfunc.c.o
LOAD K:\Arduino\!Sketches\stm_test\build\libraries\SrcWrapper\HAL\stm32yyxx_hal_fmac.c.o
LOAD K:\Arduino\!Sketches\stm_test\build\libraries\SrcWrapper\HAL\stm32yyxx_hal_fmpi2c.c.o
LOAD K:\Arduino\!Sketches\stm_test\build\libraries\SrcWrapper\HAL\stm32yyxx_hal_fmpi2c_ex.c.o
LOAD K:\Arduino\!Sketches\stm_test\build\libraries\SrcWrapper\HAL\stm32yyxx_hal_fmpsmbus.c.o
LOAD K:\Arduino\!Sketches\stm_test\build\libraries\SrcWrapper\HAL\stm32yyxx_hal_fmpsmbus_ex.c.o
LOAD K:\Arduino\!Sketches\stm_test\build\libraries\SrcWrapper\HAL\stm32yyxx_hal_gfxmmu.c.o
LOAD K:\Arduino\!Sketches\stm_test\build\libraries\SrcWrapper\HAL\stm32yyxx_hal_gfxtim.c.o
LOAD K:\Arduino\!Sketches\stm_test\build\libraries\SrcWrapper\HAL\stm32yyxx_hal_gpio.c.o
LOAD K:\Arduino\!Sketches\stm_test\build\libraries\SrcWrapper\HAL\stm32yyxx_hal_gpio_ex.c.o
LOAD K:\Arduino\!Sketches\stm_test\build\libraries\SrcWrapper\HAL\stm32yyxx_hal_gpu2d.c.o
LOAD K:\Arduino\!Sketches\stm_test\build\libraries\SrcWrapper\HAL\stm32yyxx_hal_gtzc.c.o
LOAD K:\Arduino\!Sketches\stm_test\build\libraries\SrcWrapper\HAL\stm32yyxx_hal_hash.c.o
LOAD K:\Arduino\!Sketches\stm_test\build\libraries\SrcWrapper\HAL\stm32yyxx_hal_hash_ex.c.o
LOAD K:\Arduino\!Sketches\stm_test\build\libraries\SrcWrapper\HAL\stm32yyxx_hal_hcd.c.o
LOAD K:\Arduino\!Sketches\stm_test\build\libraries\SrcWrapper\HAL\stm32yyxx_hal_hrtim.c.o
LOAD K:\Arduino\!Sketches\stm_test\build\libraries\SrcWrapper\HAL\stm32yyxx_hal_hsem.c.o
LOAD K:\Arduino\!Sketches\stm_test\build\libraries\SrcWrapper\HAL\stm32yyxx_hal_i2c.c.o
LOAD K:\Arduino\!Sketches\stm_test\build\libraries\SrcWrapper\HAL\stm32yyxx_hal_i2c_ex.c.o
LOAD K:\Arduino\!Sketches\stm_test\build\libraries\SrcWrapper\HAL\stm32yyxx_hal_i2s.c.o
LOAD K:\Arduino\!Sketches\stm_test\build\libraries\SrcWrapper\HAL\stm32yyxx_hal_i2s_ex.c.o
LOAD K:\Arduino\!Sketches\stm_test\build\libraries\SrcWrapper\HAL\stm32yyxx_hal_i3c.c.o
LOAD K:\Arduino\!Sketches\stm_test\build\libraries\SrcWrapper\HAL\stm32yyxx_hal_icache.c.o
LOAD K:\Arduino\!Sketches\stm_test\build\libraries\SrcWrapper\HAL\stm32yyxx_hal_ipcc.c.o
LOAD K:\Arduino\!Sketches\stm_test\build\libraries\SrcWrapper\HAL\stm32yyxx_hal_irda.c.o
LOAD K:\Arduino\!Sketches\stm_test\build\libraries\SrcWrapper\HAL\stm32yyxx_hal_iwdg.c.o
LOAD K:\Arduino\!Sketches\stm_test\build\libraries\SrcWrapper\HAL\stm32yyxx_hal_jpeg.c.o
LOAD K:\Arduino\!Sketches\stm_test\build\libraries\SrcWrapper\HAL\stm32yyxx_hal_lcd.c.o
LOAD K:\Arduino\!Sketches\stm_test\build\libraries\SrcWrapper\HAL\stm32yyxx_hal_lpawur.c.o
LOAD K:\Arduino\!Sketches\stm_test\build\libraries\SrcWrapper\HAL\stm32yyxx_hal_lptim.c.o
LOAD K:\Arduino\!Sketches\stm_test\build\libraries\SrcWrapper\HAL\stm32yyxx_hal_ltdc.c.o
LOAD K:\Arduino\!Sketches\stm_test\build\libraries\SrcWrapper\HAL\stm32yyxx_hal_ltdc_ex.c.o
LOAD K:\Arduino\!Sketches\stm_test\build\libraries\SrcWrapper\HAL\stm32yyxx_hal_mdf.c.o
LOAD K:\Arduino\!Sketches\stm_test\build\libraries\SrcWrapper\HAL\stm32yyxx_hal_mdios.c.o
LOAD K:\Arduino\!Sketches\stm_test\build\libraries\SrcWrapper\HAL\stm32yyxx_hal_mdma.c.o
LOAD K:\Arduino\!Sketches\stm_test\build\libraries\SrcWrapper\HAL\stm32yyxx_hal_mmc.c.o
LOAD K:\Arduino\!Sketches\stm_test\build\libraries\SrcWrapper\HAL\stm32yyxx_hal_mmc_ex.c.o
LOAD K:\Arduino\!Sketches\stm_test\build\libraries\SrcWrapper\HAL\stm32yyxx_hal_mrsubg.c.o
LOAD K:\Arduino\!Sketches\stm_test\build\libraries\SrcWrapper\HAL\stm32yyxx_hal_mrsubg_timer.c.o
LOAD K:\Arduino\!Sketches\stm_test\build\libraries\SrcWrapper\HAL\stm32yyxx_hal_nand.c.o
LOAD K:\Arduino\!Sketches\stm_test\build\libraries\SrcWrapper\HAL\stm32yyxx_hal_nor.c.o
LOAD K:\Arduino\!Sketches\stm_test\build\libraries\SrcWrapper\HAL\stm32yyxx_hal_opamp.c.o
LOAD K:\Arduino\!Sketches\stm_test\build\libraries\SrcWrapper\HAL\stm32yyxx_hal_opamp_ex.c.o
LOAD K:\Arduino\!Sketches\stm_test\build\libraries\SrcWrapper\HAL\stm32yyxx_hal_ospi.c.o
LOAD K:\Arduino\!Sketches\stm_test\build\libraries\SrcWrapper\HAL\stm32yyxx_hal_otfdec.c.o
LOAD K:\Arduino\!Sketches\stm_test\build\libraries\SrcWrapper\HAL\stm32yyxx_hal_pccard.c.o
LOAD K:\Arduino\!Sketches\stm_test\build\libraries\SrcWrapper\HAL\stm32yyxx_hal_pcd.c.o
LOAD K:\Arduino\!Sketches\stm_test\build\libraries\SrcWrapper\HAL\stm32yyxx_hal_pcd_ex.c.o
LOAD K:\Arduino\!Sketches\stm_test\build\libraries\SrcWrapper\HAL\stm32yyxx_hal_pka.c.o
LOAD K:\Arduino\!Sketches\stm_test\build\libraries\SrcWrapper\HAL\stm32yyxx_hal_pssi.c.o
LOAD K:\Arduino\!Sketches\stm_test\build\libraries\SrcWrapper\HAL\stm32yyxx_hal_pwr.c.o
LOAD K:\Arduino\!Sketches\stm_test\build\libraries\SrcWrapper\HAL\stm32yyxx_hal_pwr_ex.c.o
LOAD K:\Arduino\!Sketches\stm_test\build\libraries\SrcWrapper\HAL\stm32yyxx_hal_qspi.c.o
LOAD K:\Arduino\!Sketches\stm_test\build\libraries\SrcWrapper\HAL\stm32yyxx_hal_radio.c.o
LOAD K:\Arduino\!Sketches\stm_test\build\libraries\SrcWrapper\HAL\stm32yyxx_hal_radio_timer.c.o
LOAD K:\Arduino\!Sketches\stm_test\build\libraries\SrcWrapper\HAL\stm32yyxx_hal_ramcfg.c.o
LOAD K:\Arduino\!Sketches\stm_test\build\libraries\SrcWrapper\HAL\stm32yyxx_hal_ramecc.c.o
LOAD K:\Arduino\!Sketches\stm_test\build\libraries\SrcWrapper\HAL\stm32yyxx_hal_rcc.c.o
LOAD K:\Arduino\!Sketches\stm_test\build\libraries\SrcWrapper\HAL\stm32yyxx_hal_rcc_ex.c.o
LOAD K:\Arduino\!Sketches\stm_test\build\libraries\SrcWrapper\HAL\stm32yyxx_hal_rng.c.o
LOAD K:\Arduino\!Sketches\stm_test\build\libraries\SrcWrapper\HAL\stm32yyxx_hal_rng_ex.c.o
LOAD K:\Arduino\!Sketches\stm_test\build\libraries\SrcWrapper\HAL\stm32yyxx_hal_rtc.c.o
LOAD K:\Arduino\!Sketches\stm_test\build\libraries\SrcWrapper\HAL\stm32yyxx_hal_rtc_ex.c.o
LOAD K:\Arduino\!Sketches\stm_test\build\libraries\SrcWrapper\HAL\stm32yyxx_hal_sai.c.o
LOAD K:\Arduino\!Sketches\stm_test\build\libraries\SrcWrapper\HAL\stm32yyxx_hal_sai_ex.c.o
LOAD K:\Arduino\!Sketches\stm_test\build\libraries\SrcWrapper\HAL\stm32yyxx_hal_sd.c.o
LOAD K:\Arduino\!Sketches\stm_test\build\libraries\SrcWrapper\HAL\stm32yyxx_hal_sd_ex.c.o
LOAD K:\Arduino\!Sketches\stm_test\build\libraries\SrcWrapper\HAL\stm32yyxx_hal_sdadc.c.o
LOAD K:\Arduino\!Sketches\stm_test\build\libraries\SrcWrapper\HAL\stm32yyxx_hal_sdio.c.o
LOAD K:\Arduino\!Sketches\stm_test\build\libraries\SrcWrapper\HAL\stm32yyxx_hal_sdram.c.o
LOAD K:\Arduino\!Sketches\stm_test\build\libraries\SrcWrapper\HAL\stm32yyxx_hal_smartcard.c.o
LOAD K:\Arduino\!Sketches\stm_test\build\libraries\SrcWrapper\HAL\stm32yyxx_hal_smartcard_ex.c.o
LOAD K:\Arduino\!Sketches\stm_test\build\libraries\SrcWrapper\HAL\stm32yyxx_hal_smbus.c.o
LOAD K:\Arduino\!Sketches\stm_test\build\libraries\SrcWrapper\HAL\stm32yyxx_hal_smbus_ex.c.o
LOAD K:\Arduino\!Sketches\stm_test\build\libraries\SrcWrapper\HAL\stm32yyxx_hal_spdifrx.c.o
LOAD K:\Arduino\!Sketches\stm_test\build\libraries\SrcWrapper\HAL\stm32yyxx_hal_spi.c.o
LOAD K:\Arduino\!Sketches\stm_test\build\libraries\SrcWrapper\HAL\stm32yyxx_hal_spi_ex.c.o
LOAD K:\Arduino\!Sketches\stm_test\build\libraries\SrcWrapper\HAL\stm32yyxx_hal_sram.c.o
LOAD K:\Arduino\!Sketches\stm_test\build\libraries\SrcWrapper\HAL\stm32yyxx_hal_subghz.c.o
LOAD K:\Arduino\!Sketches\stm_test\build\libraries\SrcWrapper\HAL\stm32yyxx_hal_swpmi.c.o
LOAD K:\Arduino\!Sketches\stm_test\build\libraries\SrcWrapper\HAL\stm32yyxx_hal_tim.c.o
LOAD K:\Arduino\!Sketches\stm_test\build\libraries\SrcWrapper\HAL\stm32yyxx_hal_tim_ex.c.o
LOAD K:\Arduino\!Sketches\stm_test\build\libraries\SrcWrapper\HAL\stm32yyxx_hal_tsc.c.o
LOAD K:\Arduino\!Sketches\stm_test\build\libraries\SrcWrapper\HAL\stm32yyxx_hal_uart.c.o
LOAD K:\Arduino\!Sketches\stm_test\build\libraries\SrcWrapper\HAL\stm32yyxx_hal_uart_ex.c.o
LOAD K:\Arduino\!Sketches\stm_test\build\libraries\SrcWrapper\HAL\stm32yyxx_hal_usart.c.o
LOAD K:\Arduino\!Sketches\stm_test\build\libraries\SrcWrapper\HAL\stm32yyxx_hal_usart_ex.c.o
LOAD K:\Arduino\!Sketches\stm_test\build\libraries\SrcWrapper\HAL\stm32yyxx_hal_wwdg.c.o
LOAD K:\Arduino\!Sketches\stm_test\build\libraries\SrcWrapper\HAL\stm32yyxx_hal_xspi.c.o
LOAD K:\Arduino\!Sketches\stm_test\build\libraries\SrcWrapper\HardwareTimer.cpp.o
LOAD K:\Arduino\!Sketches\stm_test\build\libraries\SrcWrapper\LL\stm32yyxx_ll_adc.c.o
LOAD K:\Arduino\!Sketches\stm_test\build\libraries\SrcWrapper\LL\stm32yyxx_ll_bdma.c.o
LOAD K:\Arduino\!Sketches\stm_test\build\libraries\SrcWrapper\LL\stm32yyxx_ll_comp.c.o
LOAD K:\Arduino\!Sketches\stm_test\build\libraries\SrcWrapper\LL\stm32yyxx_ll_cordic.c.o
LOAD K:\Arduino\!Sketches\stm_test\build\libraries\SrcWrapper\LL\stm32yyxx_ll_crc.c.o
LOAD K:\Arduino\!Sketches\stm_test\build\libraries\SrcWrapper\LL\stm32yyxx_ll_crs.c.o
LOAD K:\Arduino\!Sketches\stm_test\build\libraries\SrcWrapper\LL\stm32yyxx_ll_dac.c.o
LOAD K:\Arduino\!Sketches\stm_test\build\libraries\SrcWrapper\LL\stm32yyxx_ll_delayblock.c.o
LOAD K:\Arduino\!Sketches\stm_test\build\libraries\SrcWrapper\LL\stm32yyxx_ll_dlyb.c.o
LOAD K:\Arduino\!Sketches\stm_test\build\libraries\SrcWrapper\LL\stm32yyxx_ll_dma.c.o
LOAD K:\Arduino\!Sketches\stm_test\build\libraries\SrcWrapper\LL\stm32yyxx_ll_dma2d.c.o
LOAD K:\Arduino\!Sketches\stm_test\build\libraries\SrcWrapper\LL\stm32yyxx_ll_exti.c.o
LOAD K:\Arduino\!Sketches\stm_test\build\libraries\SrcWrapper\LL\stm32yyxx_ll_fmac.c.o
LOAD K:\Arduino\!Sketches\stm_test\build\libraries\SrcWrapper\LL\stm32yyxx_ll_fmc.c.o
LOAD K:\Arduino\!Sketches\stm_test\build\libraries\SrcWrapper\LL\stm32yyxx_ll_fmpi2c.c.o
LOAD K:\Arduino\!Sketches\stm_test\build\libraries\SrcWrapper\LL\stm32yyxx_ll_fsmc.c.o
LOAD K:\Arduino\!Sketches\stm_test\build\libraries\SrcWrapper\LL\stm32yyxx_ll_gpio.c.o
LOAD K:\Arduino\!Sketches\stm_test\build\libraries\SrcWrapper\LL\stm32yyxx_ll_hrtim.c.o
LOAD K:\Arduino\!Sketches\stm_test\build\libraries\SrcWrapper\LL\stm32yyxx_ll_i2c.c.o
LOAD K:\Arduino\!Sketches\stm_test\build\libraries\SrcWrapper\LL\stm32yyxx_ll_i3c.c.o
LOAD K:\Arduino\!Sketches\stm_test\build\libraries\SrcWrapper\LL\stm32yyxx_ll_icache.c.o
LOAD K:\Arduino\!Sketches\stm_test\build\libraries\SrcWrapper\LL\stm32yyxx_ll_lcsc.c.o
LOAD K:\Arduino\!Sketches\stm_test\build\libraries\SrcWrapper\LL\stm32yyxx_ll_lpgpio.c.o
LOAD K:\Arduino\!Sketches\stm_test\build\libraries\SrcWrapper\LL\stm32yyxx_ll_lptim.c.o
LOAD K:\Arduino\!Sketches\stm_test\build\libraries\SrcWrapper\LL\stm32yyxx_ll_lpuart.c.o
LOAD K:\Arduino\!Sketches\stm_test\build\libraries\SrcWrapper\LL\stm32yyxx_ll_mdma.c.o
LOAD K:\Arduino\!Sketches\stm_test\build\libraries\SrcWrapper\LL\stm32yyxx_ll_opamp.c.o
LOAD K:\Arduino\!Sketches\stm_test\build\libraries\SrcWrapper\LL\stm32yyxx_ll_pka.c.o
LOAD K:\Arduino\!Sketches\stm_test\build\libraries\SrcWrapper\LL\stm32yyxx_ll_pwr.c.o
LOAD K:\Arduino\!Sketches\stm_test\build\libraries\SrcWrapper\LL\stm32yyxx_ll_rcc.c.o
LOAD K:\Arduino\!Sketches\stm_test\build\libraries\SrcWrapper\LL\stm32yyxx_ll_rng.c.o
LOAD K:\Arduino\!Sketches\stm_test\build\libraries\SrcWrapper\LL\stm32yyxx_ll_rtc.c.o
LOAD K:\Arduino\!Sketches\stm_test\build\libraries\SrcWrapper\LL\stm32yyxx_ll_sdmmc.c.o
LOAD K:\Arduino\!Sketches\stm_test\build\libraries\SrcWrapper\LL\stm32yyxx_ll_spi.c.o
LOAD K:\Arduino\!Sketches\stm_test\build\libraries\SrcWrapper\LL\stm32yyxx_ll_swpmi.c.o
LOAD K:\Arduino\!Sketches\stm_test\build\libraries\SrcWrapper\LL\stm32yyxx_ll_system.c.o
LOAD K:\Arduino\!Sketches\stm_test\build\libraries\SrcWrapper\LL\stm32yyxx_ll_tim.c.o
LOAD K:\Arduino\!Sketches\stm_test\build\libraries\SrcWrapper\LL\stm32yyxx_ll_ucpd.c.o
LOAD K:\Arduino\!Sketches\stm_test\build\libraries\SrcWrapper\LL\stm32yyxx_ll_usart.c.o
LOAD K:\Arduino\!Sketches\stm_test\build\libraries\SrcWrapper\LL\stm32yyxx_ll_usb.c.o
LOAD K:\Arduino\!Sketches\stm_test\build\libraries\SrcWrapper\LL\stm32yyxx_ll_utils.c.o
LOAD K:\Arduino\!Sketches\stm_test\build\libraries\SrcWrapper\new.cpp.o
LOAD K:\Arduino\!Sketches\stm_test\build\libraries\SrcWrapper\stm32\PortNames.c.o
LOAD K:\Arduino\!Sketches\stm_test\build\libraries\SrcWrapper\stm32\analog.cpp.o
LOAD K:\Arduino\!Sketches\stm_test\build\libraries\SrcWrapper\stm32\bootloader.c.o
LOAD K:\Arduino\!Sketches\stm_test\build\libraries\SrcWrapper\stm32\clock.c.o
LOAD K:\Arduino\!Sketches\stm_test\build\libraries\SrcWrapper\stm32\core_callback.c.o
LOAD K:\Arduino\!Sketches\stm_test\build\libraries\SrcWrapper\stm32\dwt.c.o
LOAD K:\Arduino\!Sketches\stm_test\build\libraries\SrcWrapper\stm32\hw_config.c.o
LOAD K:\Arduino\!Sketches\stm_test\build\libraries\SrcWrapper\stm32\interrupt.cpp.o
LOAD K:\Arduino\!Sketches\stm_test\build\libraries\SrcWrapper\stm32\otp.c.o
LOAD K:\Arduino\!Sketches\stm_test\build\libraries\SrcWrapper\stm32\pinmap.c.o
LOAD K:\Arduino\!Sketches\stm_test\build\libraries\SrcWrapper\stm32\stm32_def.c.o
LOAD K:\Arduino\!Sketches\stm_test\build\libraries\SrcWrapper\stm32\system_stm32yyxx.c.o
LOAD K:\Arduino\!Sketches\stm_test\build\libraries\SrcWrapper\stm32\timer.c.o
LOAD K:\Arduino\!Sketches\stm_test\build\libraries\SrcWrapper\stm32\uart.c.o
LOAD K:\Arduino\!Sketches\stm_test\build\libraries\SrcWrapper\syscalls.c.o
LOAD K:\Arduino\!Sketches\stm_test\build\core\PeripheralPins.c.o
LOAD K:\Arduino\!Sketches\stm_test\build\core\generic_clock.c.o
LOAD K:\Arduino\!Sketches\stm_test\build\core\variant_BLUEPILL_F103C6.cpp.o
LOAD K:\Arduino\!Sketches\stm_test\build\core\variant_generic.cpp.o
LOAD K:\Arduino\!Sketches\stm_test\build\core\core.a
LOAD C:/Users/Klim/AppData/Local/Arduino15/packages/STMicroelectronics/tools/xpack-arm-none-eabi-gcc/14.2.1-1.1/bin/../lib/gcc/arm-none-eabi/14.2.1/../../../../arm-none-eabi/lib/thumb/v7-m/nofp\libc_nano.a
END GROUP
LOAD C:/Users/Klim/AppData/Local/Arduino15/packages/STMicroelectronics/tools/xpack-arm-none-eabi-gcc/14.2.1-1.1/bin/../lib/gcc/arm-none-eabi/14.2.1/../../../../arm-none-eabi/lib/thumb/v7-m/nofp\libm.a
LOAD C:/Users/Klim/AppData/Local/Arduino15/packages/STMicroelectronics/tools/xpack-arm-none-eabi-gcc/14.2.1-1.1/bin/../lib/gcc/arm-none-eabi/14.2.1/thumb/v7-m/nofp\libgcc.a
LOAD C:/Users/Klim/AppData/Local/Arduino15/packages/STMicroelectronics/tools/xpack-arm-none-eabi-gcc/14.2.1-1.1/bin/../lib/gcc/arm-none-eabi/14.2.1/../../../../arm-none-eabi/lib/thumb/v7-m/nofp\libstdc++_nano.a
START GROUP
LOAD C:/Users/Klim/AppData/Local/Arduino15/packages/STMicroelectronics/tools/xpack-arm-none-eabi-gcc/14.2.1-1.1/bin/../lib/gcc/arm-none-eabi/14.2.1/thumb/v7-m/nofp\libgcc.a
LOAD C:/Users/Klim/AppData/Local/Arduino15/packages/STMicroelectronics/tools/xpack-arm-none-eabi-gcc/14.2.1-1.1/bin/../lib/gcc/arm-none-eabi/14.2.1/../../../../arm-none-eabi/lib/thumb/v7-m/nofp\libc_nano.a
END GROUP
START GROUP
LOAD C:/Users/Klim/AppData/Local/Arduino15/packages/STMicroelectronics/tools/xpack-arm-none-eabi-gcc/14.2.1-1.1/bin/../lib/gcc/arm-none-eabi/14.2.1/thumb/v7-m/nofp\libgcc.a
LOAD C:/Users/Klim/AppData/Local/Arduino15/packages/STMicroelectronics/tools/xpack-arm-none-eabi-gcc/14.2.1-1.1/bin/../lib/gcc/arm-none-eabi/14.2.1/../../../../arm-none-eabi/lib/thumb/v7-m/nofp\libc_nano.a
END GROUP
LOAD C:/Users/Klim/AppData/Local/Arduino15/packages/STMicroelectronics/tools/xpack-arm-none-eabi-gcc/14.2.1-1.1/bin/../lib/gcc/arm-none-eabi/14.2.1/thumb/v7-m/nofp/crtend.o
LOAD C:/Users/Klim/AppData/Local/Arduino15/packages/STMicroelectronics/tools/xpack-arm-none-eabi-gcc/14.2.1-1.1/bin/../lib/gcc/arm-none-eabi/14.2.1/thumb/v7-m/nofp/crtn.o
                0x20002800                        _estack = (ORIGIN (RAM) + LENGTH (RAM))
                0x00000200                        _Min_Heap_Size = 0x200
                0x00000400                        _Min_Stack_Size = 0x400

.isr_vector     0x08000000      0x10c
                0x08000000                        . = ALIGN (0x4)
 *(.isr_vector)
 .isr_vector    0x08000000      0x10c K:\Arduino\!Sketches\stm_test\build\core\core.a(startup_stm32yyxx.S.o)
                0x08000000                g_pfnVectors
                0x0800010c                        . = ALIGN (0x4)

.text           0x08000110     0x503c
                0x08000110                        . = ALIGN (0x4)
 *(.text)
 .text          0x08000110     0x159c C:\Temp\ccvTXTNu.ltrans0.ltrans.o
                0x080013a8                TIM1_UP_IRQHandler
                0x080013bc                TIM1_CC_IRQHandler
                0x080013c0                TIM2_IRQHandler
                0x080013d4                TIM3_IRQHandler
                0x080013e8                operator delete(void*)
                0x080013ec                operator delete(void*, unsigned int)
                0x080013f0                SysTick_Handler
                0x08001400                EXTI0_IRQHandler
                0x08001404                EXTI1_IRQHandler
                0x08001408                EXTI2_IRQHandler
                0x0800140c                EXTI3_IRQHandler
                0x08001410                EXTI4_IRQHandler
                0x08001414                EXTI9_5_IRQHandler
                0x0800143a                EXTI15_10_IRQHandler
                0x08001452                SystemInit
                0x0800149c                USART1_IRQHandler
                0x080014b4                USART2_IRQHandler
                0x080014d0                _sbrk
                0x0800150c                _close
                0x08001512                _fstat
                0x0800151c                _isatty
                0x08001520                _lseek
                0x08001524                _read
                0x08001528                _exit
                0x0800152a                _kill
                0x0800153c                _getpid
                0x08001540                _write
 .text          0x080016ac       0x10 C:/Users/Klim/AppData/Local/Arduino15/packages/STMicroelectronics/tools/xpack-arm-none-eabi-gcc/14.2.1-1.1/bin/../lib/gcc/arm-none-eabi/14.2.1/../../../../arm-none-eabi/lib/thumb/v7-m/nofp\libc_nano.a(libc_a-strlen.o)
                0x080016ac                strlen
 .text          0x080016bc      0x378 C:/Users/Klim/AppData/Local/Arduino15/packages/STMicroelectronics/tools/xpack-arm-none-eabi-gcc/14.2.1-1.1/bin/../lib/gcc/arm-none-eabi/14.2.1/thumb/v7-m/nofp\libgcc.a(_arm_addsubdf3.o)
                0x080016bc                __aeabi_drsub
                0x080016c4                __aeabi_dsub
                0x080016c4                __subdf3
                0x080016c8                __aeabi_dadd
                0x080016c8                __adddf3
                0x08001940                __floatunsidf
                0x08001940                __aeabi_ui2d
                0x08001960                __floatsidf
                0x08001960                __aeabi_i2d
                0x08001984                __aeabi_f2d
                0x08001984                __extendsfdf2
                0x080019c8                __floatundidf
                0x080019c8                __aeabi_ul2d
                0x080019d8                __floatdidf
                0x080019d8                __aeabi_l2d
 .text          0x08001a34      0x424 C:/Users/Klim/AppData/Local/Arduino15/packages/STMicroelectronics/tools/xpack-arm-none-eabi-gcc/14.2.1-1.1/bin/../lib/gcc/arm-none-eabi/14.2.1/thumb/v7-m/nofp\libgcc.a(_arm_muldivdf3.o)
                0x08001a34                __aeabi_dmul
                0x08001a34                __muldf3
                0x08001c88                __divdf3
                0x08001c88                __aeabi_ddiv
 .text          0x08001e58      0x110 C:/Users/Klim/AppData/Local/Arduino15/packages/STMicroelectronics/tools/xpack-arm-none-eabi-gcc/14.2.1-1.1/bin/../lib/gcc/arm-none-eabi/14.2.1/thumb/v7-m/nofp\libgcc.a(_arm_cmpdf2.o)
                0x08001e58                __gtdf2
                0x08001e58                __gedf2
                0x08001e60                __ltdf2
                0x08001e60                __ledf2
                0x08001e68                __nedf2
                0x08001e68                __eqdf2
                0x08001e68                __cmpdf2
                0x08001ee4                __aeabi_cdrcmple
                0x08001ef4                __aeabi_cdcmpeq
                0x08001ef4                __aeabi_cdcmple
                0x08001f04                __aeabi_dcmpeq
                0x08001f18                __aeabi_dcmplt
                0x08001f2c                __aeabi_dcmple
                0x08001f40                __aeabi_dcmpge
                0x08001f54                __aeabi_dcmpgt
 .text          0x08001f68       0x2c C:/Users/Klim/AppData/Local/Arduino15/packages/STMicroelectronics/tools/xpack-arm-none-eabi-gcc/14.2.1-1.1/bin/../lib/gcc/arm-none-eabi/14.2.1/thumb/v7-m/nofp\libgcc.a(_arm_unorddf2.o)
                0x08001f68                __unorddf2
                0x08001f68                __aeabi_dcmpun
 .text          0x08001f94       0x50 C:/Users/Klim/AppData/Local/Arduino15/packages/STMicroelectronics/tools/xpack-arm-none-eabi-gcc/14.2.1-1.1/bin/../lib/gcc/arm-none-eabi/14.2.1/thumb/v7-m/nofp\libgcc.a(_arm_fixdfsi.o)
                0x08001f94                __aeabi_d2iz
                0x08001f94                __fixdfsi
 *(.text*)
 .text.__do_global_dtors_aux
                0x08001fe4       0x24 C:/Users/Klim/AppData/Local/Arduino15/packages/STMicroelectronics/tools/xpack-arm-none-eabi-gcc/14.2.1-1.1/bin/../lib/gcc/arm-none-eabi/14.2.1/thumb/v7-m/nofp/crtbegin.o
 .text.frame_dummy
                0x08002008       0x1c C:/Users/Klim/AppData/Local/Arduino15/packages/STMicroelectronics/tools/xpack-arm-none-eabi-gcc/14.2.1-1.1/bin/../lib/gcc/arm-none-eabi/14.2.1/thumb/v7-m/nofp/crtbegin.o
 .text.startup  0x08002024      0x74c C:\Temp\ccvTXTNu.ltrans0.ltrans.o
                0x080022f8                main
 .text.exit     0x08002770       0x1c C:\Temp\ccvTXTNu.ltrans0.ltrans.o
 .text.Reset_Handler
                0x0800278c       0x48 K:\Arduino\!Sketches\stm_test\build\core\core.a(startup_stm32yyxx.S.o)
                0x0800278c                Reset_Handler
 .text.Default_Handler
                0x080027d4        0x2 K:\Arduino\!Sketches\stm_test\build\core\core.a(startup_stm32yyxx.S.o)
                0x080027d4                RTC_Alarm_IRQHandler
                0x080027d4                DebugMon_Handler
                0x080027d4                HardFault_Handler
                0x080027d4                PVD_IRQHandler
                0x080027d4                PendSV_Handler
                0x080027d4                NMI_Handler
                0x080027d4                UsageFault_Handler
                0x080027d4                ADC1_2_IRQHandler
                0x080027d4                SPI1_IRQHandler
                0x080027d4                TAMPER_IRQHandler
                0x080027d4                DMA1_Channel4_IRQHandler
                0x080027d4                RTC_IRQHandler
                0x080027d4                DMA1_Channel7_IRQHandler
                0x080027d4                CAN1_RX1_IRQHandler
                0x080027d4                I2C1_EV_IRQHandler
                0x080027d4                DMA1_Channel6_IRQHandler
                0x080027d4                RCC_IRQHandler
                0x080027d4                TIM1_TRG_COM_IRQHandler
                0x080027d4                DMA1_Channel1_IRQHandler
                0x080027d4                Default_Handler
                0x080027d4                MemManage_Handler
                0x080027d4                SVC_Handler
                0x080027d4                DMA1_Channel5_IRQHandler
                0x080027d4                USB_LP_CAN1_RX0_IRQHandler
                0x080027d4                USB_HP_CAN1_TX_IRQHandler
                0x080027d4                DMA1_Channel3_IRQHandler
                0x080027d4                WWDG_IRQHandler
                0x080027d4                TIM1_BRK_IRQHandler
                0x080027d4                DMA1_Channel2_IRQHandler
                0x080027d4                CAN1_SCE_IRQHandler
                0x080027d4                FLASH_IRQHandler
                0x080027d4                BusFault_Handler
                0x080027d4                I2C1_ER_IRQHandler
                0x080027d4                USBWakeUp_IRQHandler
 .text.__cvt    0x080027d6       0xc8 C:/Users/Klim/AppData/Local/Arduino15/packages/STMicroelectronics/tools/xpack-arm-none-eabi-gcc/14.2.1-1.1/bin/../lib/gcc/arm-none-eabi/14.2.1/../../../../arm-none-eabi/lib/thumb/v7-m/nofp\libc_nano.a(libc_a-nano-vfprintf_float.o)
                0x080027d6                __cvt
 .text.__exponent
                0x0800289e       0x74 C:/Users/Klim/AppData/Local/Arduino15/packages/STMicroelectronics/tools/xpack-arm-none-eabi-gcc/14.2.1-1.1/bin/../lib/gcc/arm-none-eabi/14.2.1/../../../../arm-none-eabi/lib/thumb/v7-m/nofp\libc_nano.a(libc_a-nano-vfprintf_float.o)
                0x0800289e                __exponent
 *fill*         0x08002912        0x2 
 .text._printf_float
                0x08002914      0x458 C:/Users/Klim/AppData/Local/Arduino15/packages/STMicroelectronics/tools/xpack-arm-none-eabi-gcc/14.2.1-1.1/bin/../lib/gcc/arm-none-eabi/14.2.1/../../../../arm-none-eabi/lib/thumb/v7-m/nofp\libc_nano.a(libc_a-nano-vfprintf_float.o)
                0x08002914                _printf_float
 .text._printf_common
                0x08002d6c       0xe4 C:/Users/Klim/AppData/Local/Arduino15/packages/STMicroelectronics/tools/xpack-arm-none-eabi-gcc/14.2.1-1.1/bin/../lib/gcc/arm-none-eabi/14.2.1/../../../../arm-none-eabi/lib/thumb/v7-m/nofp\libc_nano.a(libc_a-nano-vfprintf_i.o)
                0x08002d6c                _printf_common
 .text._printf_i
                0x08002e50      0x240 C:/Users/Klim/AppData/Local/Arduino15/packages/STMicroelectronics/tools/xpack-arm-none-eabi-gcc/14.2.1-1.1/bin/../lib/gcc/arm-none-eabi/14.2.1/../../../../arm-none-eabi/lib/thumb/v7-m/nofp\libc_nano.a(libc_a-nano-vfprintf_i.o)
                0x08002e50                _printf_i
 .text.std      0x08003090       0x6c C:/Users/Klim/AppData/Local/Arduino15/packages/STMicroelectronics/tools/xpack-arm-none-eabi-gcc/14.2.1-1.1/bin/../lib/gcc/arm-none-eabi/14.2.1/../../../../arm-none-eabi/lib/thumb/v7-m/nofp\libc_nano.a(libc_a-findfp.o)
 .text.stdio_exit_handler
                0x080030fc       0x18 C:/Users/Klim/AppData/Local/Arduino15/packages/STMicroelectronics/tools/xpack-arm-none-eabi-gcc/14.2.1-1.1/bin/../lib/gcc/arm-none-eabi/14.2.1/../../../../arm-none-eabi/lib/thumb/v7-m/nofp\libc_nano.a(libc_a-findfp.o)
 .text.cleanup_stdio
                0x08003114       0x40 C:/Users/Klim/AppData/Local/Arduino15/packages/STMicroelectronics/tools/xpack-arm-none-eabi-gcc/14.2.1-1.1/bin/../lib/gcc/arm-none-eabi/14.2.1/../../../../arm-none-eabi/lib/thumb/v7-m/nofp\libc_nano.a(libc_a-findfp.o)
 .text.global_stdio_init.part.0
                0x08003154       0x40 C:/Users/Klim/AppData/Local/Arduino15/packages/STMicroelectronics/tools/xpack-arm-none-eabi-gcc/14.2.1-1.1/bin/../lib/gcc/arm-none-eabi/14.2.1/../../../../arm-none-eabi/lib/thumb/v7-m/nofp\libc_nano.a(libc_a-findfp.o)
 .text.__sfp_lock_acquire
                0x08003194        0xc C:/Users/Klim/AppData/Local/Arduino15/packages/STMicroelectronics/tools/xpack-arm-none-eabi-gcc/14.2.1-1.1/bin/../lib/gcc/arm-none-eabi/14.2.1/../../../../arm-none-eabi/lib/thumb/v7-m/nofp\libc_nano.a(libc_a-findfp.o)
                0x08003194                __sfp_lock_acquire
 .text.__sfp_lock_release
                0x080031a0        0xc C:/Users/Klim/AppData/Local/Arduino15/packages/STMicroelectronics/tools/xpack-arm-none-eabi-gcc/14.2.1-1.1/bin/../lib/gcc/arm-none-eabi/14.2.1/../../../../arm-none-eabi/lib/thumb/v7-m/nofp\libc_nano.a(libc_a-findfp.o)
                0x080031a0                __sfp_lock_release
 .text.__sinit  0x080031ac       0x30 C:/Users/Klim/AppData/Local/Arduino15/packages/STMicroelectronics/tools/xpack-arm-none-eabi-gcc/14.2.1-1.1/bin/../lib/gcc/arm-none-eabi/14.2.1/../../../../arm-none-eabi/lib/thumb/v7-m/nofp\libc_nano.a(libc_a-findfp.o)
                0x080031ac                __sinit
 .text._fwalk_sglue
                0x080031dc       0x3c C:/Users/Klim/AppData/Local/Arduino15/packages/STMicroelectronics/tools/xpack-arm-none-eabi-gcc/14.2.1-1.1/bin/../lib/gcc/arm-none-eabi/14.2.1/../../../../arm-none-eabi/lib/thumb/v7-m/nofp\libc_nano.a(libc_a-fwalk.o)
                0x080031dc                _fwalk_sglue
 .text.__sread  0x08003218       0x22 C:/Users/Klim/AppData/Local/Arduino15/packages/STMicroelectronics/tools/xpack-arm-none-eabi-gcc/14.2.1-1.1/bin/../lib/gcc/arm-none-eabi/14.2.1/../../../../arm-none-eabi/lib/thumb/v7-m/nofp\libc_nano.a(libc_a-stdio.o)
                0x08003218                __sread
 .text.__swrite
                0x0800323a       0x38 C:/Users/Klim/AppData/Local/Arduino15/packages/STMicroelectronics/tools/xpack-arm-none-eabi-gcc/14.2.1-1.1/bin/../lib/gcc/arm-none-eabi/14.2.1/../../../../arm-none-eabi/lib/thumb/v7-m/nofp\libc_nano.a(libc_a-stdio.o)
                0x0800323a                __swrite
 .text.__sseek  0x08003272       0x26 C:/Users/Klim/AppData/Local/Arduino15/packages/STMicroelectronics/tools/xpack-arm-none-eabi-gcc/14.2.1-1.1/bin/../lib/gcc/arm-none-eabi/14.2.1/../../../../arm-none-eabi/lib/thumb/v7-m/nofp\libc_nano.a(libc_a-stdio.o)
                0x08003272                __sseek
 .text.__sclose
                0x08003298        0x8 C:/Users/Klim/AppData/Local/Arduino15/packages/STMicroelectronics/tools/xpack-arm-none-eabi-gcc/14.2.1-1.1/bin/../lib/gcc/arm-none-eabi/14.2.1/../../../../arm-none-eabi/lib/thumb/v7-m/nofp\libc_nano.a(libc_a-stdio.o)
                0x08003298                __sclose
 .text.memset   0x080032a0       0x10 C:/Users/Klim/AppData/Local/Arduino15/packages/STMicroelectronics/tools/xpack-arm-none-eabi-gcc/14.2.1-1.1/bin/../lib/gcc/arm-none-eabi/14.2.1/../../../../arm-none-eabi/lib/thumb/v7-m/nofp\libc_nano.a(libc_a-memset.o)
                0x080032a0                memset
 .text._localeconv_r
                0x080032b0        0x8 C:/Users/Klim/AppData/Local/Arduino15/packages/STMicroelectronics/tools/xpack-arm-none-eabi-gcc/14.2.1-1.1/bin/../lib/gcc/arm-none-eabi/14.2.1/../../../../arm-none-eabi/lib/thumb/v7-m/nofp\libc_nano.a(libc_a-localeconv.o)
                0x080032b0                _localeconv_r
 .text._close_r
                0x080032b8       0x20 C:/Users/Klim/AppData/Local/Arduino15/packages/STMicroelectronics/tools/xpack-arm-none-eabi-gcc/14.2.1-1.1/bin/../lib/gcc/arm-none-eabi/14.2.1/../../../../arm-none-eabi/lib/thumb/v7-m/nofp\libc_nano.a(libc_a-closer.o)
                0x080032b8                _close_r
 .text._lseek_r
                0x080032d8       0x24 C:/Users/Klim/AppData/Local/Arduino15/packages/STMicroelectronics/tools/xpack-arm-none-eabi-gcc/14.2.1-1.1/bin/../lib/gcc/arm-none-eabi/14.2.1/../../../../arm-none-eabi/lib/thumb/v7-m/nofp\libc_nano.a(libc_a-lseekr.o)
                0x080032d8                _lseek_r
 .text._read_r  0x080032fc       0x24 C:/Users/Klim/AppData/Local/Arduino15/packages/STMicroelectronics/tools/xpack-arm-none-eabi-gcc/14.2.1-1.1/bin/../lib/gcc/arm-none-eabi/14.2.1/../../../../arm-none-eabi/lib/thumb/v7-m/nofp\libc_nano.a(libc_a-readr.o)
                0x080032fc                _read_r
 .text._write_r
                0x08003320       0x24 C:/Users/Klim/AppData/Local/Arduino15/packages/STMicroelectronics/tools/xpack-arm-none-eabi-gcc/14.2.1-1.1/bin/../lib/gcc/arm-none-eabi/14.2.1/../../../../arm-none-eabi/lib/thumb/v7-m/nofp\libc_nano.a(libc_a-writer.o)
                0x08003320                _write_r
 .text.__libc_init_array
                0x08003344       0x48 C:/Users/Klim/AppData/Local/Arduino15/packages/STMicroelectronics/tools/xpack-arm-none-eabi-gcc/14.2.1-1.1/bin/../lib/gcc/arm-none-eabi/14.2.1/../../../../arm-none-eabi/lib/thumb/v7-m/nofp\libc_nano.a(libc_a-init.o)
                0x08003344                __libc_init_array
 .text.__retarget_lock_init_recursive
                0x0800338c        0x2 C:/Users/Klim/AppData/Local/Arduino15/packages/STMicroelectronics/tools/xpack-arm-none-eabi-gcc/14.2.1-1.1/bin/../lib/gcc/arm-none-eabi/14.2.1/../../../../arm-none-eabi/lib/thumb/v7-m/nofp\libc_nano.a(libc_a-lock.o)
                0x0800338c                __retarget_lock_init_recursive
 .text.__retarget_lock_acquire_recursive
                0x0800338e        0x2 C:/Users/Klim/AppData/Local/Arduino15/packages/STMicroelectronics/tools/xpack-arm-none-eabi-gcc/14.2.1-1.1/bin/../lib/gcc/arm-none-eabi/14.2.1/../../../../arm-none-eabi/lib/thumb/v7-m/nofp\libc_nano.a(libc_a-lock.o)
                0x0800338e                __retarget_lock_acquire_recursive
 .text.__retarget_lock_release_recursive
                0x08003390        0x2 C:/Users/Klim/AppData/Local/Arduino15/packages/STMicroelectronics/tools/xpack-arm-none-eabi-gcc/14.2.1-1.1/bin/../lib/gcc/arm-none-eabi/14.2.1/../../../../arm-none-eabi/lib/thumb/v7-m/nofp\libc_nano.a(libc_a-lock.o)
                0x08003390                __retarget_lock_release_recursive
 .text.memchr   0x08003392       0x1c C:/Users/Klim/AppData/Local/Arduino15/packages/STMicroelectronics/tools/xpack-arm-none-eabi-gcc/14.2.1-1.1/bin/../lib/gcc/arm-none-eabi/14.2.1/../../../../arm-none-eabi/lib/thumb/v7-m/nofp\libc_nano.a(libc_a-memchr-stub.o)
                0x08003392                memchr
 .text.memcpy   0x080033ae       0x1c C:/Users/Klim/AppData/Local/Arduino15/packages/STMicroelectronics/tools/xpack-arm-none-eabi-gcc/14.2.1-1.1/bin/../lib/gcc/arm-none-eabi/14.2.1/../../../../arm-none-eabi/lib/thumb/v7-m/nofp\libc_nano.a(libc_a-memcpy-stub.o)
                0x080033ae                memcpy
 .text.quorem   0x080033ca      0x110 C:/Users/Klim/AppData/Local/Arduino15/packages/STMicroelectronics/tools/xpack-arm-none-eabi-gcc/14.2.1-1.1/bin/../lib/gcc/arm-none-eabi/14.2.1/../../../../arm-none-eabi/lib/thumb/v7-m/nofp\libc_nano.a(libc_a-dtoa.o)
 *fill*         0x080034da        0x6 
 .text._dtoa_r  0x080034e0      0xbcc C:/Users/Klim/AppData/Local/Arduino15/packages/STMicroelectronics/tools/xpack-arm-none-eabi-gcc/14.2.1-1.1/bin/../lib/gcc/arm-none-eabi/14.2.1/../../../../arm-none-eabi/lib/thumb/v7-m/nofp\libc_nano.a(libc_a-dtoa.o)
                0x080034e0                _dtoa_r
 .text._free_r  0x080040ac       0x90 C:/Users/Klim/AppData/Local/Arduino15/packages/STMicroelectronics/tools/xpack-arm-none-eabi-gcc/14.2.1-1.1/bin/../lib/gcc/arm-none-eabi/14.2.1/../../../../arm-none-eabi/lib/thumb/v7-m/nofp\libc_nano.a(libc_a-freer.o)
                0x080040ac                _free_r
 .text.malloc   0x0800413c       0x10 C:/Users/Klim/AppData/Local/Arduino15/packages/STMicroelectronics/tools/xpack-arm-none-eabi-gcc/14.2.1-1.1/bin/../lib/gcc/arm-none-eabi/14.2.1/../../../../arm-none-eabi/lib/thumb/v7-m/nofp\libc_nano.a(libc_a-malloc.o)
                0x0800413c                malloc
 .text.free     0x0800414c       0x10 C:/Users/Klim/AppData/Local/Arduino15/packages/STMicroelectronics/tools/xpack-arm-none-eabi-gcc/14.2.1-1.1/bin/../lib/gcc/arm-none-eabi/14.2.1/../../../../arm-none-eabi/lib/thumb/v7-m/nofp\libc_nano.a(libc_a-malloc.o)
                0x0800414c                free
 .text.sbrk_aligned
                0x0800415c       0x44 C:/Users/Klim/AppData/Local/Arduino15/packages/STMicroelectronics/tools/xpack-arm-none-eabi-gcc/14.2.1-1.1/bin/../lib/gcc/arm-none-eabi/14.2.1/../../../../arm-none-eabi/lib/thumb/v7-m/nofp\libc_nano.a(libc_a-mallocr.o)
 .text._malloc_r
                0x080041a0      0x100 C:/Users/Klim/AppData/Local/Arduino15/packages/STMicroelectronics/tools/xpack-arm-none-eabi-gcc/14.2.1-1.1/bin/../lib/gcc/arm-none-eabi/14.2.1/../../../../arm-none-eabi/lib/thumb/v7-m/nofp\libc_nano.a(libc_a-mallocr.o)
                0x080041a0                _malloc_r
 .text.__ascii_mbtowc
                0x080042a0       0x24 C:/Users/Klim/AppData/Local/Arduino15/packages/STMicroelectronics/tools/xpack-arm-none-eabi-gcc/14.2.1-1.1/bin/../lib/gcc/arm-none-eabi/14.2.1/../../../../arm-none-eabi/lib/thumb/v7-m/nofp\libc_nano.a(libc_a-mbtowc_r.o)
                0x080042a0                __ascii_mbtowc
 .text.__malloc_lock
                0x080042c4        0xc C:/Users/Klim/AppData/Local/Arduino15/packages/STMicroelectronics/tools/xpack-arm-none-eabi-gcc/14.2.1-1.1/bin/../lib/gcc/arm-none-eabi/14.2.1/../../../../arm-none-eabi/lib/thumb/v7-m/nofp\libc_nano.a(libc_a-mlock.o)
                0x080042c4                __malloc_lock
 .text.__malloc_unlock
                0x080042d0        0xc C:/Users/Klim/AppData/Local/Arduino15/packages/STMicroelectronics/tools/xpack-arm-none-eabi-gcc/14.2.1-1.1/bin/../lib/gcc/arm-none-eabi/14.2.1/../../../../arm-none-eabi/lib/thumb/v7-m/nofp\libc_nano.a(libc_a-mlock.o)
                0x080042d0                __malloc_unlock
 .text._Balloc  0x080042dc       0x7c C:/Users/Klim/AppData/Local/Arduino15/packages/STMicroelectronics/tools/xpack-arm-none-eabi-gcc/14.2.1-1.1/bin/../lib/gcc/arm-none-eabi/14.2.1/../../../../arm-none-eabi/lib/thumb/v7-m/nofp\libc_nano.a(libc_a-mprec.o)
                0x080042dc                _Balloc
 .text._Bfree   0x08004358       0x44 C:/Users/Klim/AppData/Local/Arduino15/packages/STMicroelectronics/tools/xpack-arm-none-eabi-gcc/14.2.1-1.1/bin/../lib/gcc/arm-none-eabi/14.2.1/../../../../arm-none-eabi/lib/thumb/v7-m/nofp\libc_nano.a(libc_a-mprec.o)
                0x08004358                _Bfree
 .text.__multadd
                0x0800439c       0x8c C:/Users/Klim/AppData/Local/Arduino15/packages/STMicroelectronics/tools/xpack-arm-none-eabi-gcc/14.2.1-1.1/bin/../lib/gcc/arm-none-eabi/14.2.1/../../../../arm-none-eabi/lib/thumb/v7-m/nofp\libc_nano.a(libc_a-mprec.o)
                0x0800439c                __multadd
 .text.__hi0bits
                0x08004428       0x3e C:/Users/Klim/AppData/Local/Arduino15/packages/STMicroelectronics/tools/xpack-arm-none-eabi-gcc/14.2.1-1.1/bin/../lib/gcc/arm-none-eabi/14.2.1/../../../../arm-none-eabi/lib/thumb/v7-m/nofp\libc_nano.a(libc_a-mprec.o)
                0x08004428                __hi0bits
 .text.__lo0bits
                0x08004466       0x5a C:/Users/Klim/AppData/Local/Arduino15/packages/STMicroelectronics/tools/xpack-arm-none-eabi-gcc/14.2.1-1.1/bin/../lib/gcc/arm-none-eabi/14.2.1/../../../../arm-none-eabi/lib/thumb/v7-m/nofp\libc_nano.a(libc_a-mprec.o)
                0x08004466                __lo0bits
 .text.__i2b    0x080044c0       0x2c C:/Users/Klim/AppData/Local/Arduino15/packages/STMicroelectronics/tools/xpack-arm-none-eabi-gcc/14.2.1-1.1/bin/../lib/gcc/arm-none-eabi/14.2.1/../../../../arm-none-eabi/lib/thumb/v7-m/nofp\libc_nano.a(libc_a-mprec.o)
                0x080044c0                __i2b
 .text.__multiply
                0x080044ec      0x150 C:/Users/Klim/AppData/Local/Arduino15/packages/STMicroelectronics/tools/xpack-arm-none-eabi-gcc/14.2.1-1.1/bin/../lib/gcc/arm-none-eabi/14.2.1/../../../../arm-none-eabi/lib/thumb/v7-m/nofp\libc_nano.a(libc_a-mprec.o)
                0x080044ec                __multiply
 .text.__pow5mult
                0x0800463c       0xb8 C:/Users/Klim/AppData/Local/Arduino15/packages/STMicroelectronics/tools/xpack-arm-none-eabi-gcc/14.2.1-1.1/bin/../lib/gcc/arm-none-eabi/14.2.1/../../../../arm-none-eabi/lib/thumb/v7-m/nofp\libc_nano.a(libc_a-mprec.o)
                0x0800463c                __pow5mult
 .text.__lshift
                0x080046f4       0xd8 C:/Users/Klim/AppData/Local/Arduino15/packages/STMicroelectronics/tools/xpack-arm-none-eabi-gcc/14.2.1-1.1/bin/../lib/gcc/arm-none-eabi/14.2.1/../../../../arm-none-eabi/lib/thumb/v7-m/nofp\libc_nano.a(libc_a-mprec.o)
                0x080046f4                __lshift
 .text.__mcmp   0x080047cc       0x36 C:/Users/Klim/AppData/Local/Arduino15/packages/STMicroelectronics/tools/xpack-arm-none-eabi-gcc/14.2.1-1.1/bin/../lib/gcc/arm-none-eabi/14.2.1/../../../../arm-none-eabi/lib/thumb/v7-m/nofp\libc_nano.a(libc_a-mprec.o)
                0x080047cc                __mcmp
 *fill*         0x08004802        0x2 
 .text.__mdiff  0x08004804      0x130 C:/Users/Klim/AppData/Local/Arduino15/packages/STMicroelectronics/tools/xpack-arm-none-eabi-gcc/14.2.1-1.1/bin/../lib/gcc/arm-none-eabi/14.2.1/../../../../arm-none-eabi/lib/thumb/v7-m/nofp\libc_nano.a(libc_a-mprec.o)
                0x08004804                __mdiff
 .text.__d2b    0x08004934       0xb0 C:/Users/Klim/AppData/Local/Arduino15/packages/STMicroelectronics/tools/xpack-arm-none-eabi-gcc/14.2.1-1.1/bin/../lib/gcc/arm-none-eabi/14.2.1/../../../../arm-none-eabi/lib/thumb/v7-m/nofp\libc_nano.a(libc_a-mprec.o)
                0x08004934                __d2b
 .text.__ascii_wctomb
                0x080049e4       0x1a C:/Users/Klim/AppData/Local/Arduino15/packages/STMicroelectronics/tools/xpack-arm-none-eabi-gcc/14.2.1-1.1/bin/../lib/gcc/arm-none-eabi/14.2.1/../../../../arm-none-eabi/lib/thumb/v7-m/nofp\libc_nano.a(libc_a-wctomb_r.o)
                0x080049e4                __ascii_wctomb
 *fill*         0x080049fe        0x2 
 .text.__sflush_r
                0x08004a00       0xfc C:/Users/Klim/AppData/Local/Arduino15/packages/STMicroelectronics/tools/xpack-arm-none-eabi-gcc/14.2.1-1.1/bin/../lib/gcc/arm-none-eabi/14.2.1/../../../../arm-none-eabi/lib/thumb/v7-m/nofp\libc_nano.a(libc_a-fflush.o)
                0x08004a00                __sflush_r
 .text._fflush_r
                0x08004afc       0x50 C:/Users/Klim/AppData/Local/Arduino15/packages/STMicroelectronics/tools/xpack-arm-none-eabi-gcc/14.2.1-1.1/bin/../lib/gcc/arm-none-eabi/14.2.1/../../../../arm-none-eabi/lib/thumb/v7-m/nofp\libc_nano.a(libc_a-fflush.o)
                0x08004afc                _fflush_r
 .text._sbrk_r  0x08004b4c       0x20 C:/Users/Klim/AppData/Local/Arduino15/packages/STMicroelectronics/tools/xpack-arm-none-eabi-gcc/14.2.1-1.1/bin/../lib/gcc/arm-none-eabi/14.2.1/../../../../arm-none-eabi/lib/thumb/v7-m/nofp\libc_nano.a(libc_a-sbrkr.o)
                0x08004b4c                _sbrk_r
 .text.__assert_func
                0x08004b6c       0x3c C:/Users/Klim/AppData/Local/Arduino15/packages/STMicroelectronics/tools/xpack-arm-none-eabi-gcc/14.2.1-1.1/bin/../lib/gcc/arm-none-eabi/14.2.1/../../../../arm-none-eabi/lib/thumb/v7-m/nofp\libc_nano.a(libc_a-assert.o)
                0x08004b6c                __assert_func
 .text._calloc_r
                0x08004ba8       0x28 C:/Users/Klim/AppData/Local/Arduino15/packages/STMicroelectronics/tools/xpack-arm-none-eabi-gcc/14.2.1-1.1/bin/../lib/gcc/arm-none-eabi/14.2.1/../../../../arm-none-eabi/lib/thumb/v7-m/nofp\libc_nano.a(libc_a-callocr.o)
                0x08004ba8                _calloc_r
 .text.fprintf  0x08004bd0       0x24 C:/Users/Klim/AppData/Local/Arduino15/packages/STMicroelectronics/tools/xpack-arm-none-eabi-gcc/14.2.1-1.1/bin/../lib/gcc/arm-none-eabi/14.2.1/../../../../arm-none-eabi/lib/thumb/v7-m/nofp\libc_nano.a(libc_a-fprintf.o)
                0x08004bd0                fiprintf
                0x08004bd0                fprintf
 .text.abort    0x08004bf4        0xe C:/Users/Klim/AppData/Local/Arduino15/packages/STMicroelectronics/tools/xpack-arm-none-eabi-gcc/14.2.1-1.1/bin/../lib/gcc/arm-none-eabi/14.2.1/../../../../arm-none-eabi/lib/thumb/v7-m/nofp\libc_nano.a(libc_a-abort.o)
                0x08004bf4                abort
 .text.__sfputc_r
                0x08004c02       0x2a C:/Users/Klim/AppData/Local/Arduino15/packages/STMicroelectronics/tools/xpack-arm-none-eabi-gcc/14.2.1-1.1/bin/../lib/gcc/arm-none-eabi/14.2.1/../../../../arm-none-eabi/lib/thumb/v7-m/nofp\libc_nano.a(libc_a-nano-vfprintf.o)
 .text.__sfputs_r
                0x08004c2c       0x24 C:/Users/Klim/AppData/Local/Arduino15/packages/STMicroelectronics/tools/xpack-arm-none-eabi-gcc/14.2.1-1.1/bin/../lib/gcc/arm-none-eabi/14.2.1/../../../../arm-none-eabi/lib/thumb/v7-m/nofp\libc_nano.a(libc_a-nano-vfprintf.o)
                0x08004c2c                __sfputs_r
 .text._vfprintf_r
                0x08004c50      0x230 C:/Users/Klim/AppData/Local/Arduino15/packages/STMicroelectronics/tools/xpack-arm-none-eabi-gcc/14.2.1-1.1/bin/../lib/gcc/arm-none-eabi/14.2.1/../../../../arm-none-eabi/lib/thumb/v7-m/nofp\libc_nano.a(libc_a-nano-vfprintf.o)
                0x08004c50                _vfprintf_r
                0x08004c50                _vfiprintf_r
 .text.__swbuf_r
                0x08004e80       0x7c C:/Users/Klim/AppData/Local/Arduino15/packages/STMicroelectronics/tools/xpack-arm-none-eabi-gcc/14.2.1-1.1/bin/../lib/gcc/arm-none-eabi/14.2.1/../../../../arm-none-eabi/lib/thumb/v7-m/nofp\libc_nano.a(libc_a-wbuf.o)
                0x08004e80                __swbuf_r
 .text.__swsetup_r
                0x08004efc       0xa8 C:/Users/Klim/AppData/Local/Arduino15/packages/STMicroelectronics/tools/xpack-arm-none-eabi-gcc/14.2.1-1.1/bin/../lib/gcc/arm-none-eabi/14.2.1/../../../../arm-none-eabi/lib/thumb/v7-m/nofp\libc_nano.a(libc_a-wsetup.o)
                0x08004efc                __swsetup_r
 .text._raise_r
                0x08004fa4       0x50 C:/Users/Klim/AppData/Local/Arduino15/packages/STMicroelectronics/tools/xpack-arm-none-eabi-gcc/14.2.1-1.1/bin/../lib/gcc/arm-none-eabi/14.2.1/../../../../arm-none-eabi/lib/thumb/v7-m/nofp\libc_nano.a(libc_a-signal.o)
                0x08004fa4                _raise_r
 .text.raise    0x08004ff4       0x10 C:/Users/Klim/AppData/Local/Arduino15/packages/STMicroelectronics/tools/xpack-arm-none-eabi-gcc/14.2.1-1.1/bin/../lib/gcc/arm-none-eabi/14.2.1/../../../../arm-none-eabi/lib/thumb/v7-m/nofp\libc_nano.a(libc_a-signal.o)
                0x08004ff4                raise
 .text._kill_r  0x08005004       0x24 C:/Users/Klim/AppData/Local/Arduino15/packages/STMicroelectronics/tools/xpack-arm-none-eabi-gcc/14.2.1-1.1/bin/../lib/gcc/arm-none-eabi/14.2.1/../../../../arm-none-eabi/lib/thumb/v7-m/nofp\libc_nano.a(libc_a-signalr.o)
                0x08005004                _kill_r
 .text._getpid_r
                0x08005028        0x4 C:/Users/Klim/AppData/Local/Arduino15/packages/STMicroelectronics/tools/xpack-arm-none-eabi-gcc/14.2.1-1.1/bin/../lib/gcc/arm-none-eabi/14.2.1/../../../../arm-none-eabi/lib/thumb/v7-m/nofp\libc_nano.a(libc_a-signalr.o)
                0x08005028                _getpid_r
 .text.__swhatbuf_r
                0x0800502c       0x48 C:/Users/Klim/AppData/Local/Arduino15/packages/STMicroelectronics/tools/xpack-arm-none-eabi-gcc/14.2.1-1.1/bin/../lib/gcc/arm-none-eabi/14.2.1/../../../../arm-none-eabi/lib/thumb/v7-m/nofp\libc_nano.a(libc_a-makebuf.o)
                0x0800502c                __swhatbuf_r
 .text.__smakebuf_r
                0x08005074       0x72 C:/Users/Klim/AppData/Local/Arduino15/packages/STMicroelectronics/tools/xpack-arm-none-eabi-gcc/14.2.1-1.1/bin/../lib/gcc/arm-none-eabi/14.2.1/../../../../arm-none-eabi/lib/thumb/v7-m/nofp\libc_nano.a(libc_a-makebuf.o)
                0x08005074                __smakebuf_r
 *fill*         0x080050e6        0x2 
 .text._fstat_r
                0x080050e8       0x24 C:/Users/Klim/AppData/Local/Arduino15/packages/STMicroelectronics/tools/xpack-arm-none-eabi-gcc/14.2.1-1.1/bin/../lib/gcc/arm-none-eabi/14.2.1/../../../../arm-none-eabi/lib/thumb/v7-m/nofp\libc_nano.a(libc_a-fstatr.o)
                0x080050e8                _fstat_r
 .text._isatty_r
                0x0800510c       0x20 C:/Users/Klim/AppData/Local/Arduino15/packages/STMicroelectronics/tools/xpack-arm-none-eabi-gcc/14.2.1-1.1/bin/../lib/gcc/arm-none-eabi/14.2.1/../../../../arm-none-eabi/lib/thumb/v7-m/nofp\libc_nano.a(libc_a-isattyr.o)
                0x0800510c                _isatty_r
 .text.unlikely._ZSt25__throw_bad_function_callv
                0x0800512c        0x6 C:/Users/Klim/AppData/Local/Arduino15/packages/STMicroelectronics/tools/xpack-arm-none-eabi-gcc/14.2.1-1.1/bin/../lib/gcc/arm-none-eabi/14.2.1/../../../../arm-none-eabi/lib/thumb/v7-m/nofp\libstdc++_nano.a(functional.o)
                0x0800512c                std::__throw_bad_function_call()
 *(.glue_7)
 .glue_7        0x08005132        0x0 linker stubs
 *(.glue_7t)
 .glue_7t       0x08005132        0x0 linker stubs
 *(.eh_frame)
 *fill*         0x08005132        0x2 
 .eh_frame      0x08005134        0x0 C:/Users/Klim/AppData/Local/Arduino15/packages/STMicroelectronics/tools/xpack-arm-none-eabi-gcc/14.2.1-1.1/bin/../lib/gcc/arm-none-eabi/14.2.1/thumb/v7-m/nofp/crtbegin.o
 *(.init)
 .init          0x08005134        0x4 C:/Users/Klim/AppData/Local/Arduino15/packages/STMicroelectronics/tools/xpack-arm-none-eabi-gcc/14.2.1-1.1/bin/../lib/gcc/arm-none-eabi/14.2.1/thumb/v7-m/nofp/crti.o
                0x08005134                _init
 .init          0x08005138        0x8 C:/Users/Klim/AppData/Local/Arduino15/packages/STMicroelectronics/tools/xpack-arm-none-eabi-gcc/14.2.1-1.1/bin/../lib/gcc/arm-none-eabi/14.2.1/thumb/v7-m/nofp/crtn.o
 *(.fini)
 .fini          0x08005140        0x4 C:/Users/Klim/AppData/Local/Arduino15/packages/STMicroelectronics/tools/xpack-arm-none-eabi-gcc/14.2.1-1.1/bin/../lib/gcc/arm-none-eabi/14.2.1/thumb/v7-m/nofp/crti.o
                0x08005140                _fini
 .fini          0x08005144        0x8 C:/Users/Klim/AppData/Local/Arduino15/packages/STMicroelectronics/tools/xpack-arm-none-eabi-gcc/14.2.1-1.1/bin/../lib/gcc/arm-none-eabi/14.2.1/thumb/v7-m/nofp/crtn.o
                0x0800514c                        . = ALIGN (0x4)
                0x0800514c                        _etext = .

.vfp11_veneer   0x0800514c        0x0
 .vfp11_veneer  0x0800514c        0x0 linker stubs

.v4_bx          0x0800514c        0x0
 .v4_bx         0x0800514c        0x0 linker stubs

.iplt           0x0800514c        0x0
 .iplt          0x0800514c        0x0 C:/Users/Klim/AppData/Local/Arduino15/packages/STMicroelectronics/tools/xpack-arm-none-eabi-gcc/14.2.1-1.1/bin/../lib/gcc/arm-none-eabi/14.2.1/thumb/v7-m/nofp/crtbegin.o

.rodata         0x08005150      0x708
                0x08005150                        . = ALIGN (0x4)
 *(.rodata)
 .rodata        0x08005150      0x314 C:\Temp\ccvTXTNu.ltrans0.ltrans.o
 *(.rodata*)
 .rodata.str1.1
                0x08005464       0x2b C:\Temp\ccvTXTNu.ltrans0.ltrans.o
 .rodata._ctype_
                0x08005464      0x101 C:/Users/Klim/AppData/Local/Arduino15/packages/STMicroelectronics/tools/xpack-arm-none-eabi-gcc/14.2.1-1.1/bin/../lib/gcc/arm-none-eabi/14.2.1/../../../../arm-none-eabi/lib/thumb/v7-m/nofp\libc_nano.a(libc_a-ctype_.o)
                0x08005464                _ctype_
 .rodata._printf_float.str1.1
                0x08005565      0x1f0 C:/Users/Klim/AppData/Local/Arduino15/packages/STMicroelectronics/tools/xpack-arm-none-eabi-gcc/14.2.1-1.1/bin/../lib/gcc/arm-none-eabi/14.2.1/../../../../arm-none-eabi/lib/thumb/v7-m/nofp\libc_nano.a(libc_a-nano-vfprintf_float.o)
                                 0x12 (size before relaxing)
 .rodata._printf_i.str1.1
                0x08005755       0x22 C:/Users/Klim/AppData/Local/Arduino15/packages/STMicroelectronics/tools/xpack-arm-none-eabi-gcc/14.2.1-1.1/bin/../lib/gcc/arm-none-eabi/14.2.1/../../../../arm-none-eabi/lib/thumb/v7-m/nofp\libc_nano.a(libc_a-nano-vfprintf_i.o)
 .rodata._setlocale_r.str1.1
                0x08005755        0x9 C:/Users/Klim/AppData/Local/Arduino15/packages/STMicroelectronics/tools/xpack-arm-none-eabi-gcc/14.2.1-1.1/bin/../lib/gcc/arm-none-eabi/14.2.1/../../../../arm-none-eabi/lib/thumb/v7-m/nofp\libc_nano.a(libc_a-locale.o)
 .rodata.str1.1
                0x08005755        0x2 C:/Users/Klim/AppData/Local/Arduino15/packages/STMicroelectronics/tools/xpack-arm-none-eabi-gcc/14.2.1-1.1/bin/../lib/gcc/arm-none-eabi/14.2.1/../../../../arm-none-eabi/lib/thumb/v7-m/nofp\libc_nano.a(libc_a-locale.o)
 .rodata._dtoa_r.str1.1
                0x08005755       0xb9 C:/Users/Klim/AppData/Local/Arduino15/packages/STMicroelectronics/tools/xpack-arm-none-eabi-gcc/14.2.1-1.1/bin/../lib/gcc/arm-none-eabi/14.2.1/../../../../arm-none-eabi/lib/thumb/v7-m/nofp\libc_nano.a(libc_a-dtoa.o)
 .rodata._Balloc.str1.1
                0x08005755       0x9a C:/Users/Klim/AppData/Local/Arduino15/packages/STMicroelectronics/tools/xpack-arm-none-eabi-gcc/14.2.1-1.1/bin/../lib/gcc/arm-none-eabi/14.2.1/../../../../arm-none-eabi/lib/thumb/v7-m/nofp\libc_nano.a(libc_a-mprec.o)
 .rodata.__multadd.str1.1
                0x08005755       0x11 C:/Users/Klim/AppData/Local/Arduino15/packages/STMicroelectronics/tools/xpack-arm-none-eabi-gcc/14.2.1-1.1/bin/../lib/gcc/arm-none-eabi/14.2.1/../../../../arm-none-eabi/lib/thumb/v7-m/nofp\libc_nano.a(libc_a-mprec.o)
 *fill*         0x08005755        0x3 
 .rodata.p05.0  0x08005758        0xc C:/Users/Klim/AppData/Local/Arduino15/packages/STMicroelectronics/tools/xpack-arm-none-eabi-gcc/14.2.1-1.1/bin/../lib/gcc/arm-none-eabi/14.2.1/../../../../arm-none-eabi/lib/thumb/v7-m/nofp\libc_nano.a(libc_a-mprec.o)
 *fill*         0x08005764        0x4 
 .rodata.__mprec_bigtens
                0x08005768       0x28 C:/Users/Klim/AppData/Local/Arduino15/packages/STMicroelectronics/tools/xpack-arm-none-eabi-gcc/14.2.1-1.1/bin/../lib/gcc/arm-none-eabi/14.2.1/../../../../arm-none-eabi/lib/thumb/v7-m/nofp\libc_nano.a(libc_a-mprec.o)
                0x08005768                __mprec_bigtens
 .rodata.__mprec_tens
                0x08005790       0xc8 C:/Users/Klim/AppData/Local/Arduino15/packages/STMicroelectronics/tools/xpack-arm-none-eabi-gcc/14.2.1-1.1/bin/../lib/gcc/arm-none-eabi/14.2.1/../../../../arm-none-eabi/lib/thumb/v7-m/nofp\libc_nano.a(libc_a-mprec.o)
                0x08005790                __mprec_tens
 .rodata.__assert_func.str1.1
                0x08005858       0x3d C:/Users/Klim/AppData/Local/Arduino15/packages/STMicroelectronics/tools/xpack-arm-none-eabi-gcc/14.2.1-1.1/bin/../lib/gcc/arm-none-eabi/14.2.1/../../../../arm-none-eabi/lib/thumb/v7-m/nofp\libc_nano.a(libc_a-assert.o)
 .rodata._vfprintf_r.str1.1
                0x08005858       0x11 C:/Users/Klim/AppData/Local/Arduino15/packages/STMicroelectronics/tools/xpack-arm-none-eabi-gcc/14.2.1-1.1/bin/../lib/gcc/arm-none-eabi/14.2.1/../../../../arm-none-eabi/lib/thumb/v7-m/nofp\libc_nano.a(libc_a-nano-vfprintf.o)
                0x08005898                        . = ALIGN (0x4)

.ARM.extab      0x08005858        0x0
                0x08005858                        . = ALIGN (0x4)
 *(.ARM.extab* .gnu.linkonce.armextab.*)
                0x08005858                        . = ALIGN (0x4)

.ARM            0x08005858        0x8
                0x08005858                        . = ALIGN (0x4)
                0x08005858                        __exidx_start = .
 *(.ARM.exidx*)
 .ARM.exidx     0x08005858        0x8 C:/Users/Klim/AppData/Local/Arduino15/packages/STMicroelectronics/tools/xpack-arm-none-eabi-gcc/14.2.1-1.1/bin/../lib/gcc/arm-none-eabi/14.2.1/../../../../arm-none-eabi/lib/thumb/v7-m/nofp\libc_nano.a(libc_a-strlen.o)
                0x08005860                        __exidx_end = .
                0x08005860                        . = ALIGN (0x4)

.preinit_array  0x08005860        0x0
                0x08005860                        . = ALIGN (0x4)
                0x08005860                        PROVIDE (__preinit_array_start = .)
 *(.preinit_array*)
                0x08005860                        PROVIDE (__preinit_array_end = .)
                0x08005860                        . = ALIGN (0x4)

.init_array     0x08005860        0xc
                0x08005860                        . = ALIGN (0x4)
                0x08005860                        PROVIDE (__init_array_start = .)
 *(SORT_BY_NAME(.init_array.*))
 .init_array.00101
                0x08005860        0x4 C:\Temp\ccvTXTNu.ltrans0.ltrans.o
 *(.init_array*)
 .init_array    0x08005864        0x4 C:/Users/Klim/AppData/Local/Arduino15/packages/STMicroelectronics/tools/xpack-arm-none-eabi-gcc/14.2.1-1.1/bin/../lib/gcc/arm-none-eabi/14.2.1/thumb/v7-m/nofp/crtbegin.o
 .init_array    0x08005868        0x4 C:\Temp\ccvTXTNu.ltrans0.ltrans.o
                0x0800586c                        PROVIDE (__init_array_end = .)
                0x0800586c                        . = ALIGN (0x4)

.fini_array     0x0800586c        0x8
                0x0800586c                        . = ALIGN (0x4)
                0x0800586c                        PROVIDE (__fini_array_start = .)
 *(SORT_BY_NAME(.fini_array.*))
 *(.fini_array*)
 .fini_array    0x0800586c        0x4 C:/Users/Klim/AppData/Local/Arduino15/packages/STMicroelectronics/tools/xpack-arm-none-eabi-gcc/14.2.1-1.1/bin/../lib/gcc/arm-none-eabi/14.2.1/thumb/v7-m/nofp/crtbegin.o
 .fini_array    0x08005870        0x4 C:\Temp\ccvTXTNu.ltrans0.ltrans.o
                0x08005874                        PROVIDE (__fini_array_end = .)
                0x08005874                        . = ALIGN (0x4)
                0x08005874                        _sidata = LOADADDR (.data)

.rel.dyn        0x08005874        0x0
 .rel.iplt      0x08005874        0x0 C:/Users/Klim/AppData/Local/Arduino15/packages/STMicroelectronics/tools/xpack-arm-none-eabi-gcc/14.2.1-1.1/bin/../lib/gcc/arm-none-eabi/14.2.1/thumb/v7-m/nofp/crtbegin.o

.data           0x20000000      0x258 load address 0x08005874
                0x20000000                        . = ALIGN (0x4)
                0x20000000                        _sdata = .
 *(.data)
 .data          0x20000000       0x90 C:\Temp\ccvTXTNu.ltrans0.ltrans.o
 *(.data*)
 .data.__sglue  0x20000090        0xc C:/Users/Klim/AppData/Local/Arduino15/packages/STMicroelectronics/tools/xpack-arm-none-eabi-gcc/14.2.1-1.1/bin/../lib/gcc/arm-none-eabi/14.2.1/../../../../arm-none-eabi/lib/thumb/v7-m/nofp\libc_nano.a(libc_a-findfp.o)
                0x20000090                __sglue
 .data.__global_locale
                0x2000009c      0x16c C:/Users/Klim/AppData/Local/Arduino15/packages/STMicroelectronics/tools/xpack-arm-none-eabi-gcc/14.2.1-1.1/bin/../lib/gcc/arm-none-eabi/14.2.1/../../../../arm-none-eabi/lib/thumb/v7-m/nofp\libc_nano.a(libc_a-locale.o)
                0x2000009c                __global_locale
 .data._impure_ptr
                0x20000208        0x4 C:/Users/Klim/AppData/Local/Arduino15/packages/STMicroelectronics/tools/xpack-arm-none-eabi-gcc/14.2.1-1.1/bin/../lib/gcc/arm-none-eabi/14.2.1/../../../../arm-none-eabi/lib/thumb/v7-m/nofp\libc_nano.a(libc_a-impure.o)
                0x20000208                _impure_ptr
 .data._impure_data
                0x2000020c       0x4c C:/Users/Klim/AppData/Local/Arduino15/packages/STMicroelectronics/tools/xpack-arm-none-eabi-gcc/14.2.1-1.1/bin/../lib/gcc/arm-none-eabi/14.2.1/../../../../arm-none-eabi/lib/thumb/v7-m/nofp\libc_nano.a(libc_a-impure.o)
                0x2000020c                _impure_data
 *(.RamFunc)
 *(.RamFunc*)
                0x20000258                        . = ALIGN (0x4)
                0x20000258                        _edata = .

.igot.plt       0x20000258        0x0 load address 0x08005acc
 .igot.plt      0x20000258        0x0 C:/Users/Klim/AppData/Local/Arduino15/packages/STMicroelectronics/tools/xpack-arm-none-eabi-gcc/14.2.1-1.1/bin/../lib/gcc/arm-none-eabi/14.2.1/thumb/v7-m/nofp/crtbegin.o
                0x20000258                        . = ALIGN (0x4)

.bss            0x20000258      0x3e8 load address 0x08005acc
                0x20000258                        _sbss = .
                0x20000258                        __bss_start__ = _sbss
 *(.bss)
 .bss           0x20000258      0x280 C:\Temp\ccvTXTNu.ltrans0.ltrans.o
 *(.bss*)
 .bss.completed.1
                0x200004d8        0x1 C:/Users/Klim/AppData/Local/Arduino15/packages/STMicroelectronics/tools/xpack-arm-none-eabi-gcc/14.2.1-1.1/bin/../lib/gcc/arm-none-eabi/14.2.1/thumb/v7-m/nofp/crtbegin.o
 *fill*         0x200004d9        0x3 
 .bss.object.0  0x200004dc       0x18 C:/Users/Klim/AppData/Local/Arduino15/packages/STMicroelectronics/tools/xpack-arm-none-eabi-gcc/14.2.1-1.1/bin/../lib/gcc/arm-none-eabi/14.2.1/thumb/v7-m/nofp/crtbegin.o
 .bss.__sf      0x200004f4      0x138 C:/Users/Klim/AppData/Local/Arduino15/packages/STMicroelectronics/tools/xpack-arm-none-eabi-gcc/14.2.1-1.1/bin/../lib/gcc/arm-none-eabi/14.2.1/../../../../arm-none-eabi/lib/thumb/v7-m/nofp\libc_nano.a(libc_a-findfp.o)
                0x200004f4                __sf
 .bss.__stdio_exit_handler
                0x2000062c        0x4 C:/Users/Klim/AppData/Local/Arduino15/packages/STMicroelectronics/tools/xpack-arm-none-eabi-gcc/14.2.1-1.1/bin/../lib/gcc/arm-none-eabi/14.2.1/../../../../arm-none-eabi/lib/thumb/v7-m/nofp\libc_nano.a(libc_a-findfp.o)
                0x2000062c                __stdio_exit_handler
 .bss.errno     0x20000630        0x4 C:/Users/Klim/AppData/Local/Arduino15/packages/STMicroelectronics/tools/xpack-arm-none-eabi-gcc/14.2.1-1.1/bin/../lib/gcc/arm-none-eabi/14.2.1/../../../../arm-none-eabi/lib/thumb/v7-m/nofp\libc_nano.a(libc_a-reent.o)
                0x20000630                errno
 .bss.__lock___malloc_recursive_mutex
                0x20000634        0x1 C:/Users/Klim/AppData/Local/Arduino15/packages/STMicroelectronics/tools/xpack-arm-none-eabi-gcc/14.2.1-1.1/bin/../lib/gcc/arm-none-eabi/14.2.1/../../../../arm-none-eabi/lib/thumb/v7-m/nofp\libc_nano.a(libc_a-lock.o)
                0x20000634                __lock___malloc_recursive_mutex
 .bss.__lock___sfp_recursive_mutex
                0x20000635        0x1 C:/Users/Klim/AppData/Local/Arduino15/packages/STMicroelectronics/tools/xpack-arm-none-eabi-gcc/14.2.1-1.1/bin/../lib/gcc/arm-none-eabi/14.2.1/../../../../arm-none-eabi/lib/thumb/v7-m/nofp\libc_nano.a(libc_a-lock.o)
                0x20000635                __lock___sfp_recursive_mutex
 *fill*         0x20000636        0x2 
 .bss.__malloc_sbrk_start
                0x20000638        0x4 C:/Users/Klim/AppData/Local/Arduino15/packages/STMicroelectronics/tools/xpack-arm-none-eabi-gcc/14.2.1-1.1/bin/../lib/gcc/arm-none-eabi/14.2.1/../../../../arm-none-eabi/lib/thumb/v7-m/nofp\libc_nano.a(libc_a-mallocr.o)
                0x20000638                __malloc_sbrk_start
 .bss.__malloc_free_list
                0x2000063c        0x4 C:/Users/Klim/AppData/Local/Arduino15/packages/STMicroelectronics/tools/xpack-arm-none-eabi-gcc/14.2.1-1.1/bin/../lib/gcc/arm-none-eabi/14.2.1/../../../../arm-none-eabi/lib/thumb/v7-m/nofp\libc_nano.a(libc_a-mallocr.o)
                0x2000063c                __malloc_free_list
 *(COMMON)
                0x20000640                        . = ALIGN (0x4)
                0x20000640                        _ebss = .
                0x20000640                        __bss_end__ = _ebss
LOAD C:/Users/Klim/AppData/Local/Arduino15/packages/STMicroelectronics/tools/xpack-arm-none-eabi-gcc/14.2.1-1.1/bin/../lib/gcc/arm-none-eabi/14.2.1/thumb/v7-m/nofp/crti.o
LOAD C:/Users/Klim/AppData/Local/Arduino15/packages/STMicroelectronics/tools/xpack-arm-none-eabi-gcc/14.2.1-1.1/bin/../lib/gcc/arm-none-eabi/14.2.1/thumb/v7-m/nofp/crtbegin.o
LOAD C:/Users/Klim/AppData/Local/Arduino15/packages/STMicroelectronics/tools/xpack-arm-none-eabi-gcc/14.2.1-1.1/bin/../lib/gcc/arm-none-eabi/14.2.1/../../../../arm-none-eabi/lib/thumb/v7-m/nofp/crt0.o
                0x00000000                        LD_FLASH_OFFSET = 0x0
                0x00008000                        LD_MAX_SIZE = 0x8000
                0x00002800                        LD_MAX_DATA_SIZE = 0x2800

.noinit         0x20000640        0x0
                0x20000640                        . = ALIGN (0x4)
                0x20000640                        _snoinit = .
 *(.noinit)
 *(.noinit*)
                0x20000640                        . = ALIGN (0x4)
                0x20000640                        _enoinit = .

._user_heap_stack
                0x20000640      0x600
                0x20000640                        . = ALIGN (0x8)
                [!provide]                        PROVIDE (end = .)
                0x20000640                        PROVIDE (_end = .)
                0x20000840                        . = (. + _Min_Heap_Size)
 *fill*         0x20000640      0x200 
                0x20000c40                        . = (. + _Min_Stack_Size)
 *fill*         0x20000840      0x400 
                0x20000c40                        . = ALIGN (0x8)

/DISCARD/
 libc.a(*)
 libm.a(*)
 libgcc.a(*)

.ARM.attributes
                0x00000000       0x29
 *(.ARM.attributes)
 .ARM.attributes
                0x00000000       0x1d C:/Users/Klim/AppData/Local/Arduino15/packages/STMicroelectronics/tools/xpack-arm-none-eabi-gcc/14.2.1-1.1/bin/../lib/gcc/arm-none-eabi/14.2.1/thumb/v7-m/nofp/crti.o
 .ARM.attributes
                0x0000001d       0x2d C:/Users/Klim/AppData/Local/Arduino15/packages/STMicroelectronics/tools/xpack-arm-none-eabi-gcc/14.2.1-1.1/bin/../lib/gcc/arm-none-eabi/14.2.1/thumb/v7-m/nofp/crtbegin.o
 .ARM.attributes
                0x0000004a       0x2b C:\Temp\ccvTXTNu.ltrans0.ltrans.o
 .ARM.attributes
                0x00000075       0x21 K:\Arduino\!Sketches\stm_test\build\core\core.a(startup_stm32yyxx.S.o)
 .ARM.attributes
                0x00000096       0x2d C:/Users/Klim/AppData/Local/Arduino15/packages/STMicroelectronics/tools/xpack-arm-none-eabi-gcc/14.2.1-1.1/bin/../lib/gcc/arm-none-eabi/14.2.1/../../../../arm-none-eabi/lib/thumb/v7-m/nofp\libc_nano.a(libc_a-ctype_.o)
 .ARM.attributes
                0x000000c3       0x2d C:/Users/Klim/AppData/Local/Arduino15/packages/STMicroelectronics/tools/xpack-arm-none-eabi-gcc/14.2.1-1.1/bin/../lib/gcc/arm-none-eabi/14.2.1/../../../../arm-none-eabi/lib/thumb/v7-m/nofp\libc_nano.a(libc_a-nano-vfprintf_float.o)
 .ARM.attributes
                0x000000f0       0x2d C:/Users/Klim/AppData/Local/Arduino15/packages/STMicroelectronics/tools/xpack-arm-none-eabi-gcc/14.2.1-1.1/bin/../lib/gcc/arm-none-eabi/14.2.1/../../../../arm-none-eabi/lib/thumb/v7-m/nofp\libc_nano.a(libc_a-nano-vfprintf_i.o)
 .ARM.attributes
                0x0000011d       0x2d C:/Users/Klim/AppData/Local/Arduino15/packages/STMicroelectronics/tools/xpack-arm-none-eabi-gcc/14.2.1-1.1/bin/../lib/gcc/arm-none-eabi/14.2.1/../../../../arm-none-eabi/lib/thumb/v7-m/nofp\libc_nano.a(libc_a-findfp.o)
 .ARM.attributes
                0x0000014a       0x2d C:/Users/Klim/AppData/Local/Arduino15/packages/STMicroelectronics/tools/xpack-arm-none-eabi-gcc/14.2.1-1.1/bin/../lib/gcc/arm-none-eabi/14.2.1/../../../../arm-none-eabi/lib/thumb/v7-m/nofp\libc_nano.a(libc_a-fwalk.o)
 .ARM.attributes
                0x00000177       0x2d C:/Users/Klim/AppData/Local/Arduino15/packages/STMicroelectronics/tools/xpack-arm-none-eabi-gcc/14.2.1-1.1/bin/../lib/gcc/arm-none-eabi/14.2.1/../../../../arm-none-eabi/lib/thumb/v7-m/nofp\libc_nano.a(libc_a-stdio.o)
 .ARM.attributes
                0x000001a4       0x2d C:/Users/Klim/AppData/Local/Arduino15/packages/STMicroelectronics/tools/xpack-arm-none-eabi-gcc/14.2.1-1.1/bin/../lib/gcc/arm-none-eabi/14.2.1/../../../../arm-none-eabi/lib/thumb/v7-m/nofp\libc_nano.a(libc_a-memset.o)
 .ARM.attributes
                0x000001d1       0x2d C:/Users/Klim/AppData/Local/Arduino15/packages/STMicroelectronics/tools/xpack-arm-none-eabi-gcc/14.2.1-1.1/bin/../lib/gcc/arm-none-eabi/14.2.1/../../../../arm-none-eabi/lib/thumb/v7-m/nofp\libc_nano.a(libc_a-locale.o)
 .ARM.attributes
                0x000001fe       0x2d C:/Users/Klim/AppData/Local/Arduino15/packages/STMicroelectronics/tools/xpack-arm-none-eabi-gcc/14.2.1-1.1/bin/../lib/gcc/arm-none-eabi/14.2.1/../../../../arm-none-eabi/lib/thumb/v7-m/nofp\libc_nano.a(libc_a-localeconv.o)
 .ARM.attributes
                0x0000022b       0x2d C:/Users/Klim/AppData/Local/Arduino15/packages/STMicroelectronics/tools/xpack-arm-none-eabi-gcc/14.2.1-1.1/bin/../lib/gcc/arm-none-eabi/14.2.1/../../../../arm-none-eabi/lib/thumb/v7-m/nofp\libc_nano.a(libc_a-closer.o)
 .ARM.attributes
                0x00000258       0x2d C:/Users/Klim/AppData/Local/Arduino15/packages/STMicroelectronics/tools/xpack-arm-none-eabi-gcc/14.2.1-1.1/bin/../lib/gcc/arm-none-eabi/14.2.1/../../../../arm-none-eabi/lib/thumb/v7-m/nofp\libc_nano.a(libc_a-reent.o)
 .ARM.attributes
                0x00000285       0x2d C:/Users/Klim/AppData/Local/Arduino15/packages/STMicroelectronics/tools/xpack-arm-none-eabi-gcc/14.2.1-1.1/bin/../lib/gcc/arm-none-eabi/14.2.1/../../../../arm-none-eabi/lib/thumb/v7-m/nofp\libc_nano.a(libc_a-impure.o)
 .ARM.attributes
                0x000002b2       0x2d C:/Users/Klim/AppData/Local/Arduino15/packages/STMicroelectronics/tools/xpack-arm-none-eabi-gcc/14.2.1-1.1/bin/../lib/gcc/arm-none-eabi/14.2.1/../../../../arm-none-eabi/lib/thumb/v7-m/nofp\libc_nano.a(libc_a-lseekr.o)
 .ARM.attributes
                0x000002df       0x2d C:/Users/Klim/AppData/Local/Arduino15/packages/STMicroelectronics/tools/xpack-arm-none-eabi-gcc/14.2.1-1.1/bin/../lib/gcc/arm-none-eabi/14.2.1/../../../../arm-none-eabi/lib/thumb/v7-m/nofp\libc_nano.a(libc_a-readr.o)
 .ARM.attributes
                0x0000030c       0x2d C:/Users/Klim/AppData/Local/Arduino15/packages/STMicroelectronics/tools/xpack-arm-none-eabi-gcc/14.2.1-1.1/bin/../lib/gcc/arm-none-eabi/14.2.1/../../../../arm-none-eabi/lib/thumb/v7-m/nofp\libc_nano.a(libc_a-writer.o)
 .ARM.attributes
                0x00000339       0x2d C:/Users/Klim/AppData/Local/Arduino15/packages/STMicroelectronics/tools/xpack-arm-none-eabi-gcc/14.2.1-1.1/bin/../lib/gcc/arm-none-eabi/14.2.1/../../../../arm-none-eabi/lib/thumb/v7-m/nofp\libc_nano.a(libc_a-init.o)
 .ARM.attributes
                0x00000366       0x2d C:/Users/Klim/AppData/Local/Arduino15/packages/STMicroelectronics/tools/xpack-arm-none-eabi-gcc/14.2.1-1.1/bin/../lib/gcc/arm-none-eabi/14.2.1/../../../../arm-none-eabi/lib/thumb/v7-m/nofp\libc_nano.a(libc_a-lock.o)
 .ARM.attributes
                0x00000393       0x2d C:/Users/Klim/AppData/Local/Arduino15/packages/STMicroelectronics/tools/xpack-arm-none-eabi-gcc/14.2.1-1.1/bin/../lib/gcc/arm-none-eabi/14.2.1/../../../../arm-none-eabi/lib/thumb/v7-m/nofp\libc_nano.a(libc_a-memchr-stub.o)
 .ARM.attributes
                0x000003c0       0x2d C:/Users/Klim/AppData/Local/Arduino15/packages/STMicroelectronics/tools/xpack-arm-none-eabi-gcc/14.2.1-1.1/bin/../lib/gcc/arm-none-eabi/14.2.1/../../../../arm-none-eabi/lib/thumb/v7-m/nofp\libc_nano.a(libc_a-memcpy-stub.o)
 .ARM.attributes
                0x000003ed       0x17 C:/Users/Klim/AppData/Local/Arduino15/packages/STMicroelectronics/tools/xpack-arm-none-eabi-gcc/14.2.1-1.1/bin/../lib/gcc/arm-none-eabi/14.2.1/../../../../arm-none-eabi/lib/thumb/v7-m/nofp\libc_nano.a(libc_a-strlen.o)
 .ARM.attributes
                0x00000404       0x2d C:/Users/Klim/AppData/Local/Arduino15/packages/STMicroelectronics/tools/xpack-arm-none-eabi-gcc/14.2.1-1.1/bin/../lib/gcc/arm-none-eabi/14.2.1/../../../../arm-none-eabi/lib/thumb/v7-m/nofp\libc_nano.a(libc_a-dtoa.o)
 .ARM.attributes
                0x00000431       0x2d C:/Users/Klim/AppData/Local/Arduino15/packages/STMicroelectronics/tools/xpack-arm-none-eabi-gcc/14.2.1-1.1/bin/../lib/gcc/arm-none-eabi/14.2.1/../../../../arm-none-eabi/lib/thumb/v7-m/nofp\libc_nano.a(libc_a-freer.o)
 .ARM.attributes
                0x0000045e       0x2d C:/Users/Klim/AppData/Local/Arduino15/packages/STMicroelectronics/tools/xpack-arm-none-eabi-gcc/14.2.1-1.1/bin/../lib/gcc/arm-none-eabi/14.2.1/../../../../arm-none-eabi/lib/thumb/v7-m/nofp\libc_nano.a(libc_a-malloc.o)
 .ARM.attributes
                0x0000048b       0x2d C:/Users/Klim/AppData/Local/Arduino15/packages/STMicroelectronics/tools/xpack-arm-none-eabi-gcc/14.2.1-1.1/bin/../lib/gcc/arm-none-eabi/14.2.1/../../../../arm-none-eabi/lib/thumb/v7-m/nofp\libc_nano.a(libc_a-mallocr.o)
 .ARM.attributes
                0x000004b8       0x2d C:/Users/Klim/AppData/Local/Arduino15/packages/STMicroelectronics/tools/xpack-arm-none-eabi-gcc/14.2.1-1.1/bin/../lib/gcc/arm-none-eabi/14.2.1/../../../../arm-none-eabi/lib/thumb/v7-m/nofp\libc_nano.a(libc_a-mbtowc_r.o)
 .ARM.attributes
                0x000004e5       0x2d C:/Users/Klim/AppData/Local/Arduino15/packages/STMicroelectronics/tools/xpack-arm-none-eabi-gcc/14.2.1-1.1/bin/../lib/gcc/arm-none-eabi/14.2.1/../../../../arm-none-eabi/lib/thumb/v7-m/nofp\libc_nano.a(libc_a-mlock.o)
 .ARM.attributes
                0x00000512       0x2d C:/Users/Klim/AppData/Local/Arduino15/packages/STMicroelectronics/tools/xpack-arm-none-eabi-gcc/14.2.1-1.1/bin/../lib/gcc/arm-none-eabi/14.2.1/../../../../arm-none-eabi/lib/thumb/v7-m/nofp\libc_nano.a(libc_a-mprec.o)
 .ARM.attributes
                0x0000053f       0x2d C:/Users/Klim/AppData/Local/Arduino15/packages/STMicroelectronics/tools/xpack-arm-none-eabi-gcc/14.2.1-1.1/bin/../lib/gcc/arm-none-eabi/14.2.1/../../../../arm-none-eabi/lib/thumb/v7-m/nofp\libc_nano.a(libc_a-wctomb_r.o)
 .ARM.attributes
                0x0000056c       0x2d C:/Users/Klim/AppData/Local/Arduino15/packages/STMicroelectronics/tools/xpack-arm-none-eabi-gcc/14.2.1-1.1/bin/../lib/gcc/arm-none-eabi/14.2.1/../../../../arm-none-eabi/lib/thumb/v7-m/nofp\libc_nano.a(libc_a-fflush.o)
 .ARM.attributes
                0x00000599       0x2d C:/Users/Klim/AppData/Local/Arduino15/packages/STMicroelectronics/tools/xpack-arm-none-eabi-gcc/14.2.1-1.1/bin/../lib/gcc/arm-none-eabi/14.2.1/../../../../arm-none-eabi/lib/thumb/v7-m/nofp\libc_nano.a(libc_a-sbrkr.o)
 .ARM.attributes
                0x000005c6       0x2d C:/Users/Klim/AppData/Local/Arduino15/packages/STMicroelectronics/tools/xpack-arm-none-eabi-gcc/14.2.1-1.1/bin/../lib/gcc/arm-none-eabi/14.2.1/../../../../arm-none-eabi/lib/thumb/v7-m/nofp\libc_nano.a(libc_a-assert.o)
 .ARM.attributes
                0x000005f3       0x2d C:/Users/Klim/AppData/Local/Arduino15/packages/STMicroelectronics/tools/xpack-arm-none-eabi-gcc/14.2.1-1.1/bin/../lib/gcc/arm-none-eabi/14.2.1/../../../../arm-none-eabi/lib/thumb/v7-m/nofp\libc_nano.a(libc_a-callocr.o)
 .ARM.attributes
                0x00000620       0x2d C:/Users/Klim/AppData/Local/Arduino15/packages/STMicroelectronics/tools/xpack-arm-none-eabi-gcc/14.2.1-1.1/bin/../lib/gcc/arm-none-eabi/14.2.1/../../../../arm-none-eabi/lib/thumb/v7-m/nofp\libc_nano.a(libc_a-fprintf.o)
 .ARM.attributes
                0x0000064d       0x2d C:/Users/Klim/AppData/Local/Arduino15/packages/STMicroelectronics/tools/xpack-arm-none-eabi-gcc/14.2.1-1.1/bin/../lib/gcc/arm-none-eabi/14.2.1/../../../../arm-none-eabi/lib/thumb/v7-m/nofp\libc_nano.a(libc_a-abort.o)
 .ARM.attributes
                0x0000067a       0x2d C:/Users/Klim/AppData/Local/Arduino15/packages/STMicroelectronics/tools/xpack-arm-none-eabi-gcc/14.2.1-1.1/bin/../lib/gcc/arm-none-eabi/14.2.1/../../../../arm-none-eabi/lib/thumb/v7-m/nofp\libc_nano.a(libc_a-nano-vfprintf.o)
 .ARM.attributes
                0x000006a7       0x2d C:/Users/Klim/AppData/Local/Arduino15/packages/STMicroelectronics/tools/xpack-arm-none-eabi-gcc/14.2.1-1.1/bin/../lib/gcc/arm-none-eabi/14.2.1/../../../../arm-none-eabi/lib/thumb/v7-m/nofp\libc_nano.a(libc_a-wbuf.o)
 .ARM.attributes
                0x000006d4       0x2d C:/Users/Klim/AppData/Local/Arduino15/packages/STMicroelectronics/tools/xpack-arm-none-eabi-gcc/14.2.1-1.1/bin/../lib/gcc/arm-none-eabi/14.2.1/../../../../arm-none-eabi/lib/thumb/v7-m/nofp\libc_nano.a(libc_a-wsetup.o)
 .ARM.attributes
                0x00000701       0x2d C:/Users/Klim/AppData/Local/Arduino15/packages/STMicroelectronics/tools/xpack-arm-none-eabi-gcc/14.2.1-1.1/bin/../lib/gcc/arm-none-eabi/14.2.1/../../../../arm-none-eabi/lib/thumb/v7-m/nofp\libc_nano.a(libc_a-signal.o)
 .ARM.attributes
                0x0000072e       0x2d C:/Users/Klim/AppData/Local/Arduino15/packages/STMicroelectronics/tools/xpack-arm-none-eabi-gcc/14.2.1-1.1/bin/../lib/gcc/arm-none-eabi/14.2.1/../../../../arm-none-eabi/lib/thumb/v7-m/nofp\libc_nano.a(libc_a-signalr.o)
 .ARM.attributes
                0x0000075b       0x2d C:/Users/Klim/AppData/Local/Arduino15/packages/STMicroelectronics/tools/xpack-arm-none-eabi-gcc/14.2.1-1.1/bin/../lib/gcc/arm-none-eabi/14.2.1/../../../../arm-none-eabi/lib/thumb/v7-m/nofp\libc_nano.a(libc_a-makebuf.o)
 .ARM.attributes
                0x00000788       0x2d C:/Users/Klim/AppData/Local/Arduino15/packages/STMicroelectronics/tools/xpack-arm-none-eabi-gcc/14.2.1-1.1/bin/../lib/gcc/arm-none-eabi/14.2.1/../../../../arm-none-eabi/lib/thumb/v7-m/nofp\libc_nano.a(libc_a-fstatr.o)
 .ARM.attributes
                0x000007b5       0x2d C:/Users/Klim/AppData/Local/Arduino15/packages/STMicroelectronics/tools/xpack-arm-none-eabi-gcc/14.2.1-1.1/bin/../lib/gcc/arm-none-eabi/14.2.1/../../../../arm-none-eabi/lib/thumb/v7-m/nofp\libc_nano.a(libc_a-isattyr.o)
 .ARM.attributes
                0x000007e2       0x1d C:/Users/Klim/AppData/Local/Arduino15/packages/STMicroelectronics/tools/xpack-arm-none-eabi-gcc/14.2.1-1.1/bin/../lib/gcc/arm-none-eabi/14.2.1/thumb/v7-m/nofp\libgcc.a(_arm_addsubdf3.o)
 .ARM.attributes
                0x000007ff       0x1d C:/Users/Klim/AppData/Local/Arduino15/packages/STMicroelectronics/tools/xpack-arm-none-eabi-gcc/14.2.1-1.1/bin/../lib/gcc/arm-none-eabi/14.2.1/thumb/v7-m/nofp\libgcc.a(_arm_muldivdf3.o)
 .ARM.attributes
                0x0000081c       0x1d C:/Users/Klim/AppData/Local/Arduino15/packages/STMicroelectronics/tools/xpack-arm-none-eabi-gcc/14.2.1-1.1/bin/../lib/gcc/arm-none-eabi/14.2.1/thumb/v7-m/nofp\libgcc.a(_arm_cmpdf2.o)
 .ARM.attributes
                0x00000839       0x1d C:/Users/Klim/AppData/Local/Arduino15/packages/STMicroelectronics/tools/xpack-arm-none-eabi-gcc/14.2.1-1.1/bin/../lib/gcc/arm-none-eabi/14.2.1/thumb/v7-m/nofp\libgcc.a(_arm_unorddf2.o)
 .ARM.attributes
                0x00000856       0x1d C:/Users/Klim/AppData/Local/Arduino15/packages/STMicroelectronics/tools/xpack-arm-none-eabi-gcc/14.2.1-1.1/bin/../lib/gcc/arm-none-eabi/14.2.1/thumb/v7-m/nofp\libgcc.a(_arm_fixdfsi.o)
 .ARM.attributes
                0x00000873       0x2d C:/Users/Klim/AppData/Local/Arduino15/packages/STMicroelectronics/tools/xpack-arm-none-eabi-gcc/14.2.1-1.1/bin/../lib/gcc/arm-none-eabi/14.2.1/../../../../arm-none-eabi/lib/thumb/v7-m/nofp\libstdc++_nano.a(functional.o)
 .ARM.attributes
                0x000008a0       0x1d C:/Users/Klim/AppData/Local/Arduino15/packages/STMicroelectronics/tools/xpack-arm-none-eabi-gcc/14.2.1-1.1/bin/../lib/gcc/arm-none-eabi/14.2.1/thumb/v7-m/nofp/crtn.o
OUTPUT(K:\Arduino\!Sketches\stm_test\build/stm_test.ino.elf elf32-littlearm)
LOAD linker stubs
LOAD C:/Users/Klim/AppData/Local/Arduino15/packages/STMicroelectronics/tools/xpack-arm-none-eabi-gcc/14.2.1-1.1/bin/../lib/gcc/arm-none-eabi/14.2.1/../../../../arm-none-eabi/lib/thumb/v7-m/nofp\libc.a
LOAD C:/Users/Klim/AppData/Local/Arduino15/packages/STMicroelectronics/tools/xpack-arm-none-eabi-gcc/14.2.1-1.1/bin/../lib/gcc/arm-none-eabi/14.2.1/../../../../arm-none-eabi/lib/thumb/v7-m/nofp\libm.a
LOAD C:/Users/Klim/AppData/Local/Arduino15/packages/STMicroelectronics/tools/xpack-arm-none-eabi-gcc/14.2.1-1.1/bin/../lib/gcc/arm-none-eabi/14.2.1/thumb/v7-m/nofp\libgcc.a

.comment        0x00000000       0x39
 .comment       0x00000000       0x39 C:/Users/Klim/AppData/Local/Arduino15/packages/STMicroelectronics/tools/xpack-arm-none-eabi-gcc/14.2.1-1.1/bin/../lib/gcc/arm-none-eabi/14.2.1/thumb/v7-m/nofp/crtbegin.o
                                 0x3a (size before relaxing)
 .comment       0x00000039       0x3a C:\Temp\ccvTXTNu.ltrans0.ltrans.o
 .comment       0x00000039       0x3a C:/Users/Klim/AppData/Local/Arduino15/packages/STMicroelectronics/tools/xpack-arm-none-eabi-gcc/14.2.1-1.1/bin/../lib/gcc/arm-none-eabi/14.2.1/../../../../arm-none-eabi/lib/thumb/v7-m/nofp\libc_nano.a(libc_a-ctype_.o)
 .comment       0x00000039       0x3a C:/Users/Klim/AppData/Local/Arduino15/packages/STMicroelectronics/tools/xpack-arm-none-eabi-gcc/14.2.1-1.1/bin/../lib/gcc/arm-none-eabi/14.2.1/../../../../arm-none-eabi/lib/thumb/v7-m/nofp\libc_nano.a(libc_a-nano-vfprintf_float.o)
 .comment       0x00000039       0x3a C:/Users/Klim/AppData/Local/Arduino15/packages/STMicroelectronics/tools/xpack-arm-none-eabi-gcc/14.2.1-1.1/bin/../lib/gcc/arm-none-eabi/14.2.1/../../../../arm-none-eabi/lib/thumb/v7-m/nofp\libc_nano.a(libc_a-nano-vfprintf_i.o)
 .comment       0x00000039       0x3a C:/Users/Klim/AppData/Local/Arduino15/packages/STMicroelectronics/tools/xpack-arm-none-eabi-gcc/14.2.1-1.1/bin/../lib/gcc/arm-none-eabi/14.2.1/../../../../arm-none-eabi/lib/thumb/v7-m/nofp\libc_nano.a(libc_a-findfp.o)
 .comment       0x00000039       0x3a C:/Users/Klim/AppData/Local/Arduino15/packages/STMicroelectronics/tools/xpack-arm-none-eabi-gcc/14.2.1-1.1/bin/../lib/gcc/arm-none-eabi/14.2.1/../../../../arm-none-eabi/lib/thumb/v7-m/nofp\libc_nano.a(libc_a-fwalk.o)
 .comment       0x00000039       0x3a C:/Users/Klim/AppData/Local/Arduino15/packages/STMicroelectronics/tools/xpack-arm-none-eabi-gcc/14.2.1-1.1/bin/../lib/gcc/arm-none-eabi/14.2.1/../../../../arm-none-eabi/lib/thumb/v7-m/nofp\libc_nano.a(libc_a-stdio.o)
 .comment       0x00000039       0x3a C:/Users/Klim/AppData/Local/Arduino15/packages/STMicroelectronics/tools/xpack-arm-none-eabi-gcc/14.2.1-1.1/bin/../lib/gcc/arm-none-eabi/14.2.1/../../../../arm-none-eabi/lib/thumb/v7-m/nofp\libc_nano.a(libc_a-memset.o)
 .comment       0x00000039       0x3a C:/Users/Klim/AppData/Local/Arduino15/packages/STMicroelectronics/tools/xpack-arm-none-eabi-gcc/14.2.1-1.1/bin/../lib/gcc/arm-none-eabi/14.2.1/../../../../arm-none-eabi/lib/thumb/v7-m/nofp\libc_nano.a(libc_a-locale.o)
 .comment       0x00000039       0x3a C:/Users/Klim/AppData/Local/Arduino15/packages/STMicroelectronics/tools/xpack-arm-none-eabi-gcc/14.2.1-1.1/bin/../lib/gcc/arm-none-eabi/14.2.1/../../../../arm-none-eabi/lib/thumb/v7-m/nofp\libc_nano.a(libc_a-localeconv.o)
 .comment       0x00000039       0x3a C:/Users/Klim/AppData/Local/Arduino15/packages/STMicroelectronics/tools/xpack-arm-none-eabi-gcc/14.2.1-1.1/bin/../lib/gcc/arm-none-eabi/14.2.1/../../../../arm-none-eabi/lib/thumb/v7-m/nofp\libc_nano.a(libc_a-closer.o)
 .comment       0x00000039       0x3a C:/Users/Klim/AppData/Local/Arduino15/packages/STMicroelectronics/tools/xpack-arm-none-eabi-gcc/14.2.1-1.1/bin/../lib/gcc/arm-none-eabi/14.2.1/../../../../arm-none-eabi/lib/thumb/v7-m/nofp\libc_nano.a(libc_a-reent.o)
 .comment       0x00000039       0x3a C:/Users/Klim/AppData/Local/Arduino15/packages/STMicroelectronics/tools/xpack-arm-none-eabi-gcc/14.2.1-1.1/bin/../lib/gcc/arm-none-eabi/14.2.1/../../../../arm-none-eabi/lib/thumb/v7-m/nofp\libc_nano.a(libc_a-impure.o)
 .comment       0x00000039       0x3a C:/Users/Klim/AppData/Local/Arduino15/packages/STMicroelectronics/tools/xpack-arm-none-eabi-gcc/14.2.1-1.1/bin/../lib/gcc/arm-none-eabi/14.2.1/../../../../arm-none-eabi/lib/thumb/v7-m/nofp\libc_nano.a(libc_a-lseekr.o)
 .comment       0x00000039       0x3a C:/Users/Klim/AppData/Local/Arduino15/packages/STMicroelectronics/tools/xpack-arm-none-eabi-gcc/14.2.1-1.1/bin/../lib/gcc/arm-none-eabi/14.2.1/../../../../arm-none-eabi/lib/thumb/v7-m/nofp\libc_nano.a(libc_a-readr.o)
 .comment       0x00000039       0x3a C:/Users/Klim/AppData/Local/Arduino15/packages/STMicroelectronics/tools/xpack-arm-none-eabi-gcc/14.2.1-1.1/bin/../lib/gcc/arm-none-eabi/14.2.1/../../../../arm-none-eabi/lib/thumb/v7-m/nofp\libc_nano.a(libc_a-writer.o)
 .comment       0x00000039       0x3a C:/Users/Klim/AppData/Local/Arduino15/packages/STMicroelectronics/tools/xpack-arm-none-eabi-gcc/14.2.1-1.1/bin/../lib/gcc/arm-none-eabi/14.2.1/../../../../arm-none-eabi/lib/thumb/v7-m/nofp\libc_nano.a(libc_a-init.o)
 .comment       0x00000039       0x3a C:/Users/Klim/AppData/Local/Arduino15/packages/STMicroelectronics/tools/xpack-arm-none-eabi-gcc/14.2.1-1.1/bin/../lib/gcc/arm-none-eabi/14.2.1/../../../../arm-none-eabi/lib/thumb/v7-m/nofp\libc_nano.a(libc_a-lock.o)
 .comment       0x00000039       0x3a C:/Users/Klim/AppData/Local/Arduino15/packages/STMicroelectronics/tools/xpack-arm-none-eabi-gcc/14.2.1-1.1/bin/../lib/gcc/arm-none-eabi/14.2.1/../../../../arm-none-eabi/lib/thumb/v7-m/nofp\libc_nano.a(libc_a-memchr-stub.o)
 .comment       0x00000039       0x3a C:/Users/Klim/AppData/Local/Arduino15/packages/STMicroelectronics/tools/xpack-arm-none-eabi-gcc/14.2.1-1.1/bin/../lib/gcc/arm-none-eabi/14.2.1/../../../../arm-none-eabi/lib/thumb/v7-m/nofp\libc_nano.a(libc_a-memcpy-stub.o)
 .comment       0x00000039       0x3a C:/Users/Klim/AppData/Local/Arduino15/packages/STMicroelectronics/tools/xpack-arm-none-eabi-gcc/14.2.1-1.1/bin/../lib/gcc/arm-none-eabi/14.2.1/../../../../arm-none-eabi/lib/thumb/v7-m/nofp\libc_nano.a(libc_a-dtoa.o)
 .comment       0x00000039       0x3a C:/Users/Klim/AppData/Local/Arduino15/packages/STMicroelectronics/tools/xpack-arm-none-eabi-gcc/14.2.1-1.1/bin/../lib/gcc/arm-none-eabi/14.2.1/../../../../arm-none-eabi/lib/thumb/v7-m/nofp\libc_nano.a(libc_a-freer.o)
 .comment       0x00000039       0x3a C:/Users/Klim/AppData/Local/Arduino15/packages/STMicroelectronics/tools/xpack-arm-none-eabi-gcc/14.2.1-1.1/bin/../lib/gcc/arm-none-eabi/14.2.1/../../../../arm-none-eabi/lib/thumb/v7-m/nofp\libc_nano.a(libc_a-malloc.o)
 .comment       0x00000039       0x3a C:/Users/Klim/AppData/Local/Arduino15/packages/STMicroelectronics/tools/xpack-arm-none-eabi-gcc/14.2.1-1.1/bin/../lib/gcc/arm-none-eabi/14.2.1/../../../../arm-none-eabi/lib/thumb/v7-m/nofp\libc_nano.a(libc_a-mallocr.o)
 .comment       0x00000039       0x3a C:/Users/Klim/AppData/Local/Arduino15/packages/STMicroelectronics/tools/xpack-arm-none-eabi-gcc/14.2.1-1.1/bin/../lib/gcc/arm-none-eabi/14.2.1/../../../../arm-none-eabi/lib/thumb/v7-m/nofp\libc_nano.a(libc_a-mbtowc_r.o)
 .comment       0x00000039       0x3a C:/Users/Klim/AppData/Local/Arduino15/packages/STMicroelectronics/tools/xpack-arm-none-eabi-gcc/14.2.1-1.1/bin/../lib/gcc/arm-none-eabi/14.2.1/../../../../arm-none-eabi/lib/thumb/v7-m/nofp\libc_nano.a(libc_a-mlock.o)
 .comment       0x00000039       0x3a C:/Users/Klim/AppData/Local/Arduino15/packages/STMicroelectronics/tools/xpack-arm-none-eabi-gcc/14.2.1-1.1/bin/../lib/gcc/arm-none-eabi/14.2.1/../../../../arm-none-eabi/lib/thumb/v7-m/nofp\libc_nano.a(libc_a-mprec.o)
 .comment       0x00000039       0x3a C:/Users/Klim/AppData/Local/Arduino15/packages/STMicroelectronics/tools/xpack-arm-none-eabi-gcc/14.2.1-1.1/bin/../lib/gcc/arm-none-eabi/14.2.1/../../../../arm-none-eabi/lib/thumb/v7-m/nofp\libc_nano.a(libc_a-wctomb_r.o)
 .comment       0x00000039       0x3a C:/Users/Klim/AppData/Local/Arduino15/packages/STMicroelectronics/tools/xpack-arm-none-eabi-gcc/14.2.1-1.1/bin/../lib/gcc/arm-none-eabi/14.2.1/../../../../arm-none-eabi/lib/thumb/v7-m/nofp\libc_nano.a(libc_a-fflush.o)
 .comment       0x00000039       0x3a C:/Users/Klim/AppData/Local/Arduino15/packages/STMicroelectronics/tools/xpack-arm-none-eabi-gcc/14.2.1-1.1/bin/../lib/gcc/arm-none-eabi/14.2.1/../../../../arm-none-eabi/lib/thumb/v7-m/nofp\libc_nano.a(libc_a-sbrkr.o)
 .comment       0x00000039       0x3a C:/Users/Klim/AppData/Local/Arduino15/packages/STMicroelectronics/tools/xpack-arm-none-eabi-gcc/14.2.1-1.1/bin/../lib/gcc/arm-none-eabi/14.2.1/../../../../arm-none-eabi/lib/thumb/v7-m/nofp\libc_nano.a(libc_a-assert.o)
 .comment       0x00000039       0x3a C:/Users/Klim/AppData/Local/Arduino15/packages/STMicroelectronics/tools/xpack-arm-none-eabi-gcc/14.2.1-1.1/bin/../lib/gcc/arm-none-eabi/14.2.1/../../../../arm-none-eabi/lib/thumb/v7-m/nofp\libc_nano.a(libc_a-callocr.o)
 .comment       0x00000039       0x3a C:/Users/Klim/AppData/Local/Arduino15/packages/STMicroelectronics/tools/xpack-arm-none-eabi-gcc/14.2.1-1.1/bin/../lib/gcc/arm-none-eabi/14.2.1/../../../../arm-none-eabi/lib/thumb/v7-m/nofp\libc_nano.a(libc_a-fprintf.o)
 .comment       0x00000039       0x3a C:/Users/Klim/AppData/Local/Arduino15/packages/STMicroelectronics/tools/xpack-arm-none-eabi-gcc/14.2.1-1.1/bin/../lib/gcc/arm-none-eabi/14.2.1/../../../../arm-none-eabi/lib/thumb/v7-m/nofp\libc_nano.a(libc_a-abort.o)
 .comment       0x00000039       0x3a C:/Users/Klim/AppData/Local/Arduino15/packages/STMicroelectronics/tools/xpack-arm-none-eabi-gcc/14.2.1-1.1/bin/../lib/gcc/arm-none-eabi/14.2.1/../../../../arm-none-eabi/lib/thumb/v7-m/nofp\libc_nano.a(libc_a-nano-vfprintf.o)
 .comment       0x00000039       0x3a C:/Users/Klim/AppData/Local/Arduino15/packages/STMicroelectronics/tools/xpack-arm-none-eabi-gcc/14.2.1-1.1/bin/../lib/gcc/arm-none-eabi/14.2.1/../../../../arm-none-eabi/lib/thumb/v7-m/nofp\libc_nano.a(libc_a-wbuf.o)
 .comment       0x00000039       0x3a C:/Users/Klim/AppData/Local/Arduino15/packages/STMicroelectronics/tools/xpack-arm-none-eabi-gcc/14.2.1-1.1/bin/../lib/gcc/arm-none-eabi/14.2.1/../../../../arm-none-eabi/lib/thumb/v7-m/nofp\libc_nano.a(libc_a-wsetup.o)
 .comment       0x00000039       0x3a C:/Users/Klim/AppData/Local/Arduino15/packages/STMicroelectronics/tools/xpack-arm-none-eabi-gcc/14.2.1-1.1/bin/../lib/gcc/arm-none-eabi/14.2.1/../../../../arm-none-eabi/lib/thumb/v7-m/nofp\libc_nano.a(libc_a-signal.o)
 .comment       0x00000039       0x3a C:/Users/Klim/AppData/Local/Arduino15/packages/STMicroelectronics/tools/xpack-arm-none-eabi-gcc/14.2.1-1.1/bin/../lib/gcc/arm-none-eabi/14.2.1/../../../../arm-none-eabi/lib/thumb/v7-m/nofp\libc_nano.a(libc_a-signalr.o)
 .comment       0x00000039       0x3a C:/Users/Klim/AppData/Local/Arduino15/packages/STMicroelectronics/tools/xpack-arm-none-eabi-gcc/14.2.1-1.1/bin/../lib/gcc/arm-none-eabi/14.2.1/../../../../arm-none-eabi/lib/thumb/v7-m/nofp\libc_nano.a(libc_a-makebuf.o)
 .comment       0x00000039       0x3a C:/Users/Klim/AppData/Local/Arduino15/packages/STMicroelectronics/tools/xpack-arm-none-eabi-gcc/14.2.1-1.1/bin/../lib/gcc/arm-none-eabi/14.2.1/../../../../arm-none-eabi/lib/thumb/v7-m/nofp\libc_nano.a(libc_a-fstatr.o)
 .comment       0x00000039       0x3a C:/Users/Klim/AppData/Local/Arduino15/packages/STMicroelectronics/tools/xpack-arm-none-eabi-gcc/14.2.1-1.1/bin/../lib/gcc/arm-none-eabi/14.2.1/../../../../arm-none-eabi/lib/thumb/v7-m/nofp\libc_nano.a(libc_a-isattyr.o)
 .comment       0x00000039       0x3a C:/Users/Klim/AppData/Local/Arduino15/packages/STMicroelectronics/tools/xpack-arm-none-eabi-gcc/14.2.1-1.1/bin/../lib/gcc/arm-none-eabi/14.2.1/../../../../arm-none-eabi/lib/thumb/v7-m/nofp\libstdc++_nano.a(functional.o)

.debug_frame    0x00000000      0x224
 .debug_frame   0x00000000       0x20 C:/Users/Klim/AppData/Local/Arduino15/packages/STMicroelectronics/tools/xpack-arm-none-eabi-gcc/14.2.1-1.1/bin/../lib/gcc/arm-none-eabi/14.2.1/../../../../arm-none-eabi/lib/thumb/v7-m/nofp\libc_nano.a(libc_a-strlen.o)
 .debug_frame   0x00000020       0xac C:/Users/Klim/AppData/Local/Arduino15/packages/STMicroelectronics/tools/xpack-arm-none-eabi-gcc/14.2.1-1.1/bin/../lib/gcc/arm-none-eabi/14.2.1/thumb/v7-m/nofp\libgcc.a(_arm_addsubdf3.o)
 .debug_frame   0x000000cc       0x50 C:/Users/Klim/AppData/Local/Arduino15/packages/STMicroelectronics/tools/xpack-arm-none-eabi-gcc/14.2.1-1.1/bin/../lib/gcc/arm-none-eabi/14.2.1/thumb/v7-m/nofp\libgcc.a(_arm_muldivdf3.o)
 .debug_frame   0x0000011c       0xc4 C:/Users/Klim/AppData/Local/Arduino15/packages/STMicroelectronics/tools/xpack-arm-none-eabi-gcc/14.2.1-1.1/bin/../lib/gcc/arm-none-eabi/14.2.1/thumb/v7-m/nofp\libgcc.a(_arm_cmpdf2.o)
 .debug_frame   0x000001e0       0x20 C:/Users/Klim/AppData/Local/Arduino15/packages/STMicroelectronics/tools/xpack-arm-none-eabi-gcc/14.2.1-1.1/bin/../lib/gcc/arm-none-eabi/14.2.1/thumb/v7-m/nofp\libgcc.a(_arm_unorddf2.o)
 .debug_frame   0x00000200       0x24 C:/Users/Klim/AppData/Local/Arduino15/packages/STMicroelectronics/tools/xpack-arm-none-eabi-gcc/14.2.1-1.1/bin/../lib/gcc/arm-none-eabi/14.2.1/thumb/v7-m/nofp\libgcc.a(_arm_fixdfsi.o)

.debug_line     0x00000000      0x452
 .debug_line    0x00000000      0x16f C:/Users/Klim/AppData/Local/Arduino15/packages/STMicroelectronics/tools/xpack-arm-none-eabi-gcc/14.2.1-1.1/bin/../lib/gcc/arm-none-eabi/14.2.1/thumb/v7-m/nofp\libgcc.a(_arm_addsubdf3.o)